Archive member included to satisfy reference by file (symbol)

/home/penguin/Programio/blizzard-esp/build/cxx/libcxx.a(cxx_guards.o)
                              (__cxa_guard_dummy)
/home/penguin/Programio/blizzard-esp/build/esp32/libesp32.a(panic.o)
                              /home/penguin/Programio/blizzard-esp/build/cxx/libcxx.a(cxx_guards.o) (abort)
/home/penguin/Programio/blizzard-esp/build/esp32/libesp32.a(system_api.o)
                              /home/penguin/Programio/blizzard-esp/build/esp32/libesp32.a(panic.o) (esp_restart_noos)
/home/penguin/Programio/blizzard-esp/build/esp32/libesp32.a(cache_err_int.o)
                              /home/penguin/Programio/blizzard-esp/build/esp32/libesp32.a(panic.o) (esp_cache_err_get_cpuid)
/home/penguin/Programio/blizzard-esp/build/esp32/libesp32.a(cpu_start.o)
                              (call_start_cpu0)
/home/penguin/Programio/blizzard-esp/build/esp32/libesp32.a(ipc.o)
                              /home/penguin/Programio/blizzard-esp/build/esp32/libesp32.a(cpu_start.o) (esp_ipc_init)
/home/penguin/Programio/blizzard-esp/build/esp32/libesp32.a(heap_alloc_caps.o)
                              /home/penguin/Programio/blizzard-esp/build/esp32/libesp32.a(cpu_start.o) (heap_alloc_enable_nonos_stack_tag)
/home/penguin/Programio/blizzard-esp/build/esp32/libesp32.a(dport_access.o)
                              /home/penguin/Programio/blizzard-esp/build/esp32/libesp32.a(system_api.o) (esp_dport_access_int_deinit)
/home/penguin/Programio/blizzard-esp/build/esp32/libesp32.a(task_wdt.o)
                              /home/penguin/Programio/blizzard-esp/build/esp32/libesp32.a(cpu_start.o) (esp_task_wdt_init)
/home/penguin/Programio/blizzard-esp/build/esp32/libesp32.a(crosscore_int.o)
                              /home/penguin/Programio/blizzard-esp/build/esp32/libesp32.a(cpu_start.o) (esp_crosscore_int_init)
/home/penguin/Programio/blizzard-esp/build/esp32/libesp32.a(clk.o)
                              /home/penguin/Programio/blizzard-esp/build/esp32/libesp32.a(cpu_start.o) (esp_clk_init)
/home/penguin/Programio/blizzard-esp/build/esp32/libesp32.a(freertos_hooks.o)
                              /home/penguin/Programio/blizzard-esp/build/esp32/libesp32.a(task_wdt.o) (esp_register_freertos_idle_hook)
/home/penguin/Programio/blizzard-esp/build/esp32/libesp32.a(intr_alloc.o)
                              /home/penguin/Programio/blizzard-esp/build/esp32/libesp32.a(task_wdt.o) (esp_intr_alloc)
/home/penguin/Programio/esp-idf/components/esp32/libhal.a(int_asm--set_intclear.o)
                              /home/penguin/Programio/blizzard-esp/build/esp32/libesp32.a(intr_alloc.o) (xthal_set_intclear)
/home/penguin/Programio/blizzard-esp/build/freertos/libfreertos.a(xtensa_intr.o)
                              /home/penguin/Programio/blizzard-esp/build/esp32/libesp32.a(intr_alloc.o) (xt_unhandled_interrupt)
/home/penguin/Programio/blizzard-esp/build/freertos/libfreertos.a(queue.o)
                              /home/penguin/Programio/blizzard-esp/build/esp32/libesp32.a(ipc.o) (xQueueGenericCreate)
/home/penguin/Programio/blizzard-esp/build/freertos/libfreertos.a(list.o)
                              /home/penguin/Programio/blizzard-esp/build/freertos/libfreertos.a(queue.o) (vListInitialise)
/home/penguin/Programio/blizzard-esp/build/freertos/libfreertos.a(port.o)
                              /home/penguin/Programio/blizzard-esp/build/esp32/libesp32.a(dport_access.o) (vPortCPUInitializeMutex)
/home/penguin/Programio/blizzard-esp/build/freertos/libfreertos.a(heap_regions.o)
                              /home/penguin/Programio/blizzard-esp/build/esp32/libesp32.a(heap_alloc_caps.o) (pvPortMallocTagged)
/home/penguin/Programio/blizzard-esp/build/freertos/libfreertos.a(tasks.o)
                              /home/penguin/Programio/blizzard-esp/build/esp32/libesp32.a(system_api.o) (vTaskSuspendAll)
/home/penguin/Programio/blizzard-esp/build/freertos/libfreertos.a(timers.o)
                              /home/penguin/Programio/blizzard-esp/build/freertos/libfreertos.a(tasks.o) (xTimerCreateTimerTask)
/home/penguin/Programio/blizzard-esp/build/freertos/libfreertos.a(FreeRTOS-openocd.o)
                              (uxTopUsedPriority)
/home/penguin/Programio/blizzard-esp/build/freertos/libfreertos.a(xtensa_context.o)
                              /home/penguin/Programio/blizzard-esp/build/freertos/libfreertos.a(port.o) (_xt_coproc_init)
/home/penguin/Programio/blizzard-esp/build/freertos/libfreertos.a(portasm.o)
                              /home/penguin/Programio/blizzard-esp/build/esp32/libesp32.a(crosscore_int.o) (_frxt_setup_switch)
/home/penguin/Programio/blizzard-esp/build/freertos/libfreertos.a(xtensa_vectors.o)
                              /home/penguin/Programio/blizzard-esp/build/freertos/libfreertos.a(port.o) (_xt_user_exit)
/home/penguin/Programio/blizzard-esp/build/freertos/libfreertos.a(xtensa_intr_asm.o)
[...]
Memory Configuration

Name             Origin             Length             Attributes
iram0_0_seg      0x0000000040080000 0x0000000000020000 xr
iram0_2_seg      0x00000000400d0018 0x0000000000330000 xr
dram0_0_seg      0x000000003ffb0000 0x0000000000050000 rw
drom0_0_seg      0x000000003f400010 0x0000000000800000 r
rtc_iram_seg     0x00000000400c0000 0x0000000000002000 xrw
rtc_slow_seg     0x0000000050000000 0x0000000000001000 rw
*default*        0x0000000000000000 0xffffffffffffffff

Linker script and memory map

START GROUP
LOAD /home/penguin/Programio/blizzard-esp/build/app_update/libapp_update.a
LOAD /home/penguin/Programio/blizzard-esp/build/bootloader_support/libbootloader_support.a
LOAD /home/penguin/Programio/blizzard-esp/build/bt/libbt.a
LOAD /home/penguin/Programio/blizzard-esp/build/coap/libcoap.a
LOAD /home/penguin/Programio/blizzard-esp/build/cxx/libcxx.a
LOAD /home/penguin/Programio/blizzard-esp/build/driver/libdriver.a
LOAD /home/penguin/Programio/blizzard-esp/build/esp32/libesp32.a
LOAD /home/penguin/Programio/esp-idf/components/esp32/libhal.a
LOAD /home/penguin/Programio/esp-idf/components/esp32/lib/libcore.a
LOAD /home/penguin/Programio/esp-idf/components/esp32/lib/librtc.a
LOAD /home/penguin/Programio/esp-idf/components/esp32/lib/libphy.a
LOAD /home/penguin/Programio/esp-idf/components/esp32/lib/libcoexist.a
LOAD /home/penguin/Programio/esp-idf/components/esp32/lib/libnet80211.a
LOAD /home/penguin/Programio/esp-idf/components/esp32/lib/libpp.a
LOAD /home/penguin/Programio/esp-idf/components/esp32/lib/libwpa.a
LOAD /home/penguin/Programio/esp-idf/components/esp32/lib/libsmartconfig.a
LOAD /home/penguin/Programio/esp-idf/components/esp32/lib/libcoexist.a
LOAD /home/penguin/Programio/esp-idf/components/esp32/lib/libwps.a
LOAD /home/penguin/Programio/esp-idf/components/esp32/lib/libwpa2.a
LOAD /home/penguin/Programio/blizzard-esp/build/ethernet/libethernet.a
LOAD /home/penguin/Programio/blizzard-esp/build/expat/libexpat.a
LOAD /home/penguin/Programio/blizzard-esp/build/fatfs/libfatfs.a
LOAD /home/penguin/Programio/blizzard-esp/build/freertos/libfreertos.a
LOAD /home/penguin/Programio/blizzard-esp/build/jsmn/libjsmn.a
LOAD /home/penguin/Programio/blizzard-esp/build/json/libjson.a
LOAD /home/penguin/Programio/blizzard-esp/build/libsodium/liblibsodium.a
LOAD /home/penguin/Programio/blizzard-esp/build/log/liblog.a
LOAD /home/penguin/Programio/blizzard-esp/build/lwip/liblwip.a
LOAD /home/penguin/Programio/blizzard-esp/build/mbedtls/libmbedtls.a
LOAD /home/penguin/Programio/blizzard-esp/build/mdns/libmdns.a
LOAD /home/penguin/Programio/blizzard-esp/build/micro-ecc/libmicro-ecc.a
LOAD /home/penguin/Programio/esp-idf/components/newlib/lib/libc.a
LOAD /home/penguin/Programio/esp-idf/components/newlib/lib/libm.a
LOAD /home/penguin/Programio/blizzard-esp/build/newlib/libnewlib.a
LOAD /home/penguin/Programio/blizzard-esp/build/nghttp/libnghttp.a
LOAD /home/penguin/Programio/blizzard-esp/build/nvs_flash/libnvs_flash.a
LOAD /home/penguin/Programio/blizzard-esp/build/openssl/libopenssl.a
LOAD /home/penguin/Programio/blizzard-esp/build/sdmmc/libsdmmc.a
LOAD /home/penguin/Programio/blizzard-esp/build/soc/libsoc.a
LOAD /home/penguin/Programio/blizzard-esp/build/spi_flash/libspi_flash.a
LOAD /home/penguin/Programio/blizzard-esp/build/tcpip_adapter/libtcpip_adapter.a
LOAD /home/penguin/Programio/blizzard-esp/build/ulp/libulp.a
LOAD /home/penguin/Programio/blizzard-esp/build/vfs/libvfs.a
LOAD /home/penguin/Programio/blizzard-esp/build/wear_levelling/libwear_levelling.a
LOAD /home/penguin/Programio/blizzard-esp/build/wpa_supplicant/libwpa_supplicant.a
LOAD /home/penguin/Programio/blizzard-esp/build/xtensa-debug-module/libxtensa-debug-module.a
LOAD /home/penguin/Programio/blizzard-esp/build/main/libmain.a
LOAD /home/penguin/Programio/xtensa-esp32-elf/bin/../lib/gcc/xtensa-esp32-elf/5.2.0/libgcc.a
LOAD /home/penguin/Programio/xtensa-esp32-elf/bin/../lib/gcc/xtensa-esp32-elf/5.2.0/../../../../xtensa-esp32-elf/lib/libstdc++.a
END GROUP
                0x0000000040000000                _heap_end = 0x40000000

.rtc.text       0x00000000400c0000        0x0
                0x00000000400c0000                . = ALIGN (0x4)
 *(.rtc.literal .rtc.text)
 *rtc_wake_stub*.o(.literal .text .literal.* .text.*)

.rtc.data       0x0000000050000000        0x0
                0x0000000050000000                _rtc_data_start = ABSOLUTE (.)
 *(.rtc.data)
 *(.rtc.rodata)
 *rtc_wake_stub*.o(.data .rodata .data.* .rodata.* .bss .bss.*)
                0x0000000050000000                _rtc_data_end = ABSOLUTE (.)

.rtc.bss        0x0000000050000000        0x0
                0x0000000050000000                _rtc_bss_start = ABSOLUTE (.)
 *rtc_wake_stub*.o(.bss .bss.*)
 *rtc_wake_stub*.o(COMMON)
                0x0000000050000000                _rtc_bss_end = ABSOLUTE (.)

.iram0.vectors  0x0000000040080000      0x400
                0x0000000040080000                _init_start = ABSOLUTE (.)
                0x0000000000000000                . = 0x0
 *(.WindowVectors.text)
 .WindowVectors.text
                0x0000000040080000      0x16a /home/penguin/Programio/blizzard-esp/build/freertos/libfreertos.a(xtensa_vectors.o)
                0x0000000040080000                _WindowOverflow4
                0x0000000040080040                _WindowUnderflow4
                0x0000000040080050                _xt_alloca_exc
                0x0000000040080080                _WindowOverflow8
                0x00000000400800c0                _WindowUnderflow8
                0x0000000040080100                _WindowOverflow12
                0x0000000040080140                _WindowUnderflow12
                0x0000000000000180                . = 0x180
 *fill*         0x000000004008016a       0x16 
 *(.Level2InterruptVector.text)
 .Level2InterruptVector.text
                0x0000000040080180        0x6 /home/penguin/Programio/blizzard-esp/build/freertos/libfreertos.a(xtensa_vectors.o)
                0x0000000040080180                _Level2Vector
                0x00000000000001c0                . = 0x1c0
 *fill*         0x0000000040080186       0x3a 
 *(.Level3InterruptVector.text)
 .Level3InterruptVector.text
                0x00000000400801c0        0x6 /home/penguin/Programio/blizzard-esp/build/freertos/libfreertos.a(xtensa_vectors.o)
                0x00000000400801c0                _Level3Vector
                0x0000000000000200                . = 0x200
 *fill*         0x00000000400801c6       0x3a 
 *(.Level4InterruptVector.text)
 .Level4InterruptVector.text
                0x0000000040080200        0x6 /home/penguin/Programio/blizzard-esp/build/freertos/libfreertos.a(xtensa_vectors.o)
                0x0000000040080200                _Level4Vector
                0x0000000000000240                . = 0x240
 *fill*         0x0000000040080206       0x3a 
 *(.Level5InterruptVector.text)
 .Level5InterruptVector.text
                0x0000000040080240        0x6 /home/penguin/Programio/blizzard-esp/build/freertos/libfreertos.a(xtensa_vectors.o)
                0x0000000040080240                _Level5Vector
                0x0000000000000280                . = 0x280
 *fill*         0x0000000040080246       0x3a 
 *(.DebugExceptionVector.text)
 .DebugExceptionVector.text
                0x0000000040080280        0xf /home/penguin/Programio/blizzard-esp/build/freertos/libfreertos.a(xtensa_vectors.o)
                0x0000000040080280                _DebugExceptionVector
                0x00000000000002c0                . = 0x2c0
 *fill*         0x000000004008028f       0x31 
 *(.NMIExceptionVector.text)
 .NMIExceptionVector.text
                0x00000000400802c0        0x6 /home/penguin/Programio/blizzard-esp/build/freertos/libfreertos.a(xtensa_vectors.o)
                0x00000000400802c0                _NMIExceptionVector
                0x0000000000000300                . = 0x300
 *fill*         0x00000000400802c6       0x3a 
 *(.KernelExceptionVector.text)
 .KernelExceptionVector.text
                0x0000000040080300        0x6 /home/penguin/Programio/blizzard-esp/build/freertos/libfreertos.a(xtensa_vectors.o)
                0x0000000040080300                _KernelExceptionVector
                0x0000000000000340                . = 0x340
 *fill*         0x0000000040080306       0x3a 
 *(.UserExceptionVector.text)
 .UserExceptionVector.text
                0x0000000040080340        0x6 /home/penguin/Programio/blizzard-esp/build/freertos/libfreertos.a(xtensa_vectors.o)
                0x0000000040080340                _UserExceptionVector
                0x00000000000003c0                . = 0x3c0
 *fill*         0x0000000040080346       0x7a 
 *(.DoubleExceptionVector.text)
 .DoubleExceptionVector.text
                0x00000000400803c0        0xf /home/penguin/Programio/blizzard-esp/build/freertos/libfreertos.a(xtensa_vectors.o)
                0x00000000400803c0                _DoubleExceptionVector
                0x0000000000000400                . = 0x400
 *fill*         0x00000000400803cf       0x31 
 *(.*Vector.literal)
 *(.UserEnter.literal)
 *(.UserEnter.text)
                0x0000000040080400                . = ALIGN (0x10)
 *(.entry.text)
 *(.init.literal)
 *(.init)
                0x0000000040080400                _init_end = ABSOLUTE (.)
                0x0000000000000000                _iram_start = 0x0

.iram0.text     0x0000000040080400     0x6ae0
                0x0000000040080400                _iram_text_start = ABSOLUTE (.)
 *(.iram1 .iram1.*)
 .iram1.literal
                0x0000000040080400       0x44 /home/penguin/Programio/blizzard-esp/build/esp32/libesp32.a(system_api.o)
                                         0x64 (size before relaxing)
 .iram1.literal
                0x0000000040080444        0xc /home/penguin/Programio/blizzard-esp/build/esp32/libesp32.a(cache_err_int.o)
 .iram1.literal
                0x0000000040080450       0x54 /home/penguin/Programio/blizzard-esp/build/esp32/libesp32.a(cpu_start.o)
                                         0xb4 (size before relaxing)
 .iram1.literal
                0x00000000400804a4       0x20 /home/penguin/Programio/blizzard-esp/build/esp32/libesp32.a(ipc.o)
                                         0x34 (size before relaxing)
 .iram1.literal
                0x00000000400804c4       0x1c /home/penguin/Programio/blizzard-esp/build/esp32/libesp32.a(crosscore_int.o)
                                         0x40 (size before relaxing)
 .iram1.literal
                0x00000000400804e0        0x8 /home/penguin/Programio/blizzard-esp/build/esp32/libesp32.a(clk.o)
 .iram1.literal
                0x00000000400804e8        0x4 /home/penguin/Programio/blizzard-esp/build/esp32/libesp32.a(freertos_hooks.o)
 .iram1.literal
                0x00000000400804ec       0x14 /home/penguin/Programio/blizzard-esp/build/esp32/libesp32.a(intr_alloc.o)
                                         0x5c (size before relaxing)
 .iram1.literal
                0x0000000040080500       0x60 /home/penguin/Programio/blizzard-esp/build/freertos/libfreertos.a(xtensa_vectors.o)
                                         0x7c (size before relaxing)
 .iram1.literal
                0x0000000040080560       0x28 /home/penguin/Programio/blizzard-esp/build/log/liblog.a(log.o)
                                         0x48 (size before relaxing)
 .iram1.literal
                0x0000000040080588       0x1c /home/penguin/Programio/blizzard-esp/build/newlib/libnewlib.a(time.o)
                                         0x34 (size before relaxing)
 .iram1.literal
                0x00000000400805a4        0x8 /home/penguin/Programio/blizzard-esp/build/newlib/libnewlib.a(reent_init.o)
                                         0x10 (size before relaxing)
 .iram1.literal
                0x00000000400805ac        0x0 /home/penguin/Programio/blizzard-esp/build/newlib/libnewlib.a(syscalls.o)
                                         0x20 (size before relaxing)
 .iram1.literal
                0x00000000400805ac       0x18 /home/penguin/Programio/blizzard-esp/build/newlib/libnewlib.a(locks.o)
                                         0x90 (size before relaxing)
 .iram1.literal
                0x00000000400805c4       0x18 /home/penguin/Programio/blizzard-esp/build/soc/libsoc.a(cpu_util.o)
                                         0x2c (size before relaxing)
 .iram1.literal
                0x00000000400805dc       0x1c /home/penguin/Programio/blizzard-esp/build/spi_flash/libspi_flash.a(cache_utils.o)
                                         0x58 (size before relaxing)
 .iram1.literal
                0x00000000400805f8       0x2c /home/penguin/Programio/blizzard-esp/build/spi_flash/libspi_flash.a(flash_ops.o)
                                         0xb4 (size before relaxing)
 .iram1.literal
                0x0000000040080624       0x4c /home/penguin/Programio/blizzard-esp/build/spi_flash/libspi_flash.a(flash_mmap.o)
                                         0xb0 (size before relaxing)
 .iram1.literal
                0x0000000040080670       0x30 /home/penguin/Programio/blizzard-esp/build/vfs/libvfs.a(vfs_uart.o)
                                         0x88 (size before relaxing)
 .literal.xt_unhandled_interrupt
                0x00000000400806a0        0x4 /home/penguin/Programio/blizzard-esp/build/freertos/libfreertos.a(xtensa_intr.o)
                                          0x8 (size before relaxing)
 .literal.xt_set_interrupt_handler
                0x00000000400806a4        0x8 /home/penguin/Programio/blizzard-esp/build/freertos/libfreertos.a(xtensa_intr.o)
                                          0xc (size before relaxing)
 .literal.prvIsQueueFull
                0x00000000400806ac        0x0 /home/penguin/Programio/blizzard-esp/build/freertos/libfreertos.a(queue.o)
                                          0x8 (size before relaxing)
 .literal.prvCopyDataToQueue
                0x00000000400806ac        0x0 /home/penguin/Programio/blizzard-esp/build/freertos/libfreertos.a(queue.o)
                                          0xc (size before relaxing)
 .literal.prvNotifyQueueSetContainer
                0x00000000400806ac       0x14 /home/penguin/Programio/blizzard-esp/build/freertos/libfreertos.a(queue.o)
                                         0x2c (size before relaxing)
 .literal.prvCopyDataFromQueue
                0x00000000400806c0        0x0 /home/penguin/Programio/blizzard-esp/build/freertos/libfreertos.a(queue.o)
                                          0x4 (size before relaxing)
 .literal.xQueueGenericReset
                0x00000000400806c0        0x4 /home/penguin/Programio/blizzard-esp/build/freertos/libfreertos.a(queue.o)
                                         0x30 (size before relaxing)
 .literal.prvInitialiseNewQueue
                0x00000000400806c4        0x0 /home/penguin/Programio/blizzard-esp/build/freertos/libfreertos.a(queue.o)
                                          0x4 (size before relaxing)
 .literal.xQueueGenericCreate
                0x00000000400806c4        0x4 /home/penguin/Programio/blizzard-esp/build/freertos/libfreertos.a(queue.o)
                                         0x1c (size before relaxing)
 .literal.xQueueGetMutexHolder
                0x00000000400806c8        0x0 /home/penguin/Programio/blizzard-esp/build/freertos/libfreertos.a(queue.o)
                                          0x8 (size before relaxing)
 .literal.xQueueGenericSend
                0x00000000400806c8        0x4 /home/penguin/Programio/blizzard-esp/build/freertos/libfreertos.a(queue.o)
                                         0x7c (size before relaxing)
 .literal.prvInitialiseMutex
                0x00000000400806cc        0x0 /home/penguin/Programio/blizzard-esp/build/freertos/libfreertos.a(queue.o)
                                          0x8 (size before relaxing)
 .literal.xQueueCreateMutex
                0x00000000400806cc        0x0 /home/penguin/Programio/blizzard-esp/build/freertos/libfreertos.a(queue.o)
                                          0x8 (size before relaxing)
 .literal.xQueueGiveMutexRecursive
                0x00000000400806cc        0x4 /home/penguin/Programio/blizzard-esp/build/freertos/libfreertos.a(queue.o)
                                         0x1c (size before relaxing)
 .literal.xQueueGenericSendFromISR
                0x00000000400806d0        0x8 /home/penguin/Programio/blizzard-esp/build/freertos/libfreertos.a(queue.o)
                                         0x3c (size before relaxing)
 .literal.xQueueGiveFromISR
                0x00000000400806d8        0x4 /home/penguin/Programio/blizzard-esp/build/freertos/libfreertos.a(queue.o)
                                         0x30 (size before relaxing)
 .literal.xQueueGenericReceive
                0x00000000400806dc        0x4 /home/penguin/Programio/blizzard-esp/build/freertos/libfreertos.a(queue.o)
                                         0x78 (size before relaxing)
 .literal.xQueueTakeMutexRecursive
                0x00000000400806e0        0x4 /home/penguin/Programio/blizzard-esp/build/freertos/libfreertos.a(queue.o)
                                         0x1c (size before relaxing)
 .literal.xQueueReceiveFromISR
                0x00000000400806e4        0x4 /home/penguin/Programio/blizzard-esp/build/freertos/libfreertos.a(queue.o)
                                         0x30 (size before relaxing)
 .literal.vQueueDelete
                0x00000000400806e8        0x4 /home/penguin/Programio/blizzard-esp/build/freertos/libfreertos.a(queue.o)
                                         0x18 (size before relaxing)
 .literal.vQueueWaitForMessageRestricted
                0x00000000400806ec        0x0 /home/penguin/Programio/blizzard-esp/build/freertos/libfreertos.a(queue.o)
                                          0xc (size before relaxing)
 .literal.pxPortInitialiseStack
                0x00000000400806ec        0x4 /home/penguin/Programio/blizzard-esp/build/freertos/libfreertos.a(port.o)
                                          0x8 (size before relaxing)
 .literal.xPortStartScheduler
                0x00000000400806f0        0x4 /home/penguin/Programio/blizzard-esp/build/freertos/libfreertos.a(port.o)
                                         0x14 (size before relaxing)
 .literal.xPortSysTickHandler
                0x00000000400806f4        0x0 /home/penguin/Programio/blizzard-esp/build/freertos/libfreertos.a(port.o)
                                          0x8 (size before relaxing)
 .literal.vPortYieldOtherCore
                0x00000000400806f4        0x0 /home/penguin/Programio/blizzard-esp/build/freertos/libfreertos.a(port.o)
                                          0x4 (size before relaxing)
 .literal.vPortReleaseTaskMPUSettings
                0x00000000400806f4        0x0 /home/penguin/Programio/blizzard-esp/build/freertos/libfreertos.a(port.o)
                                          0x4 (size before relaxing)
 .literal.xPortInIsrContext
                0x00000000400806f4        0x4 /home/penguin/Programio/blizzard-esp/build/freertos/libfreertos.a(port.o)
                                          0x8 (size before relaxing)
 .literal.vPortCPUInitializeMutex
                0x00000000400806f8        0x4 /home/penguin/Programio/blizzard-esp/build/freertos/libfreertos.a(port.o)
 .literal.vPortFirstTaskHook
                0x00000000400806fc        0x0 /home/penguin/Programio/blizzard-esp/build/freertos/libfreertos.a(port.o)
                                          0x4 (size before relaxing)
 .literal.prvInsertBlockIntoFreeList
                0x00000000400806fc       0x14 /home/penguin/Programio/blizzard-esp/build/freertos/libfreertos.a(heap_regions.o)
 .literal.pvPortMallocTagged
                0x0000000040080710       0x20 /home/penguin/Programio/blizzard-esp/build/freertos/libfreertos.a(heap_regions.o)
                                         0x44 (size before relaxing)
 .literal.vPortFreeTagged
                0x0000000040080730        0x4 /home/penguin/Programio/blizzard-esp/build/freertos/libfreertos.a(heap_regions.o)
                                         0x38 (size before relaxing)
 .literal.vPortDefineHeapRegionsTagged
                0x0000000040080734        0x4 /home/penguin/Programio/blizzard-esp/build/freertos/libfreertos.a(heap_regions.o)
                                         0x64 (size before relaxing)
 .literal.prvResetNextTaskUnblockTime
                0x0000000040080738        0x8 /home/penguin/Programio/blizzard-esp/build/freertos/libfreertos.a(tasks.o)
 .literal.prvInitialiseNewTask
                0x0000000040080740        0x0 /home/penguin/Programio/blizzard-esp/build/freertos/libfreertos.a(tasks.o)
                                         0x18 (size before relaxing)
 .literal.prvInitialiseTaskLists
                0x0000000040080740       0x1c /home/penguin/Programio/blizzard-esp/build/freertos/libfreertos.a(tasks.o)
                                         0x38 (size before relaxing)
 .literal.prvAddCurrentTaskToDelayedList
                0x000000004008075c        0x4 /home/penguin/Programio/blizzard-esp/build/freertos/libfreertos.a(tasks.o)
                                         0x1c (size before relaxing)
 .literal.prvDeleteTCB
                0x0000000040080760       0x10 /home/penguin/Programio/blizzard-esp/build/freertos/libfreertos.a(tasks.o)
                                         0x2c (size before relaxing)
 .literal.taskYIELD_OTHER_CORE
                0x0000000040080770        0x0 /home/penguin/Programio/blizzard-esp/build/freertos/libfreertos.a(tasks.o)
                                         0x10 (size before relaxing)
 .literal.vTaskSuspendAll
                0x0000000040080770        0x4 /home/penguin/Programio/blizzard-esp/build/freertos/libfreertos.a(tasks.o)
                                          0x8 (size before relaxing)
 .literal.vTaskSwitchContext
                0x0000000040080774        0xc /home/penguin/Programio/blizzard-esp/build/freertos/libfreertos.a(tasks.o)
                                         0x2c (size before relaxing)
 .literal.vTaskSetTimeOutState
                0x0000000040080780        0xc /home/penguin/Programio/blizzard-esp/build/freertos/libfreertos.a(tasks.o)
                                         0x20 (size before relaxing)
 .literal.xTaskGetCurrentTaskHandle
                0x000000004008078c        0x0 /home/penguin/Programio/blizzard-esp/build/freertos/libfreertos.a(tasks.o)
                                          0x8 (size before relaxing)
 .literal.__getreent
                0x000000004008078c        0x0 /home/penguin/Programio/blizzard-esp/build/freertos/libfreertos.a(tasks.o)
                                          0x8 (size before relaxing)
 .literal.pcTaskGetTaskName
                0x000000004008078c        0x8 /home/penguin/Programio/blizzard-esp/build/freertos/libfreertos.a(tasks.o)
                                         0x1c (size before relaxing)
 .literal.xTaskGetAffinity
                0x0000000040080794        0x0 /home/penguin/Programio/blizzard-esp/build/freertos/libfreertos.a(tasks.o)
                                          0x4 (size before relaxing)
 .literal.xTaskGetCurrentTaskHandleForCPU
                0x0000000040080794        0x0 /home/penguin/Programio/blizzard-esp/build/freertos/libfreertos.a(tasks.o)
                                          0x4 (size before relaxing)
 .literal.xTaskGetSchedulerState
                0x0000000040080794        0x4 /home/penguin/Programio/blizzard-esp/build/freertos/libfreertos.a(tasks.o)
                                          0xc (size before relaxing)
 .literal.vTaskEnterCritical
                0x0000000040080798        0x0 /home/penguin/Programio/blizzard-esp/build/freertos/libfreertos.a(tasks.o)
                                          0xc (size before relaxing)
 .literal.vTaskExitCritical
                0x0000000040080798        0x0 /home/penguin/Programio/blizzard-esp/build/freertos/libfreertos.a(tasks.o)
                                         0x10 (size before relaxing)
 .literal.prvAddNewTaskToReadyList
                0x0000000040080798       0x10 /home/penguin/Programio/blizzard-esp/build/freertos/libfreertos.a(tasks.o)
                                         0x5c (size before relaxing)
 .literal.xTaskCreatePinnedToCore
                0x00000000400807a8        0x0 /home/penguin/Programio/blizzard-esp/build/freertos/libfreertos.a(tasks.o)
                                         0x14 (size before relaxing)
 .literal.vTaskStartScheduler
                0x00000000400807a8       0x10 /home/penguin/Programio/blizzard-esp/build/freertos/libfreertos.a(tasks.o)
                                         0x34 (size before relaxing)
 .literal.vTaskDelete
                0x00000000400807b8        0x8 /home/penguin/Programio/blizzard-esp/build/freertos/libfreertos.a(tasks.o)
                                         0x58 (size before relaxing)
 .literal.vTaskDelay
                0x00000000400807c0        0x4 /home/penguin/Programio/blizzard-esp/build/freertos/libfreertos.a(tasks.o)
                                         0x38 (size before relaxing)
 .literal.prvCheckTasksWaitingTermination
                0x00000000400807c4        0x0 /home/penguin/Programio/blizzard-esp/build/freertos/libfreertos.a(tasks.o)
                                         0x24 (size before relaxing)
 .literal.prvIdleTask
                0x00000000400807c4        0x0 /home/penguin/Programio/blizzard-esp/build/freertos/libfreertos.a(tasks.o)
                                          0x8 (size before relaxing)
 .literal.xTaskGetTickCount
                0x00000000400807c4        0x4 /home/penguin/Programio/blizzard-esp/build/freertos/libfreertos.a(tasks.o)
                                         0x10 (size before relaxing)
 .literal.xTaskIncrementTick
                0x00000000400807c8        0xc /home/penguin/Programio/blizzard-esp/build/freertos/libfreertos.a(tasks.o)
                                         0x78 (size before relaxing)
 .literal.xTaskResumeAll
                0x00000000400807d4        0x8 /home/penguin/Programio/blizzard-esp/build/freertos/libfreertos.a(tasks.o)
                                         0x5c (size before relaxing)
 .literal.vTaskPlaceOnEventList
                0x00000000400807dc        0x8 /home/penguin/Programio/blizzard-esp/build/freertos/libfreertos.a(tasks.o)
                                         0x40 (size before relaxing)
 .literal.vTaskPlaceOnEventListRestricted
                0x00000000400807e4        0x8 /home/penguin/Programio/blizzard-esp/build/freertos/libfreertos.a(tasks.o)
                                         0x38 (size before relaxing)
 .literal.xTaskRemoveFromEventList
                0x00000000400807ec        0x8 /home/penguin/Programio/blizzard-esp/build/freertos/libfreertos.a(tasks.o)
                                         0x58 (size before relaxing)
 .literal.xTaskCheckForTimeOut
                0x00000000400807f4        0xc /home/penguin/Programio/blizzard-esp/build/freertos/libfreertos.a(tasks.o)
                                         0x3c (size before relaxing)
 .literal.vTaskPriorityInherit
                0x0000000040080800        0x0 /home/penguin/Programio/blizzard-esp/build/freertos/libfreertos.a(tasks.o)
                                         0x2c (size before relaxing)
 .literal.xTaskPriorityDisinherit
                0x0000000040080800        0x8 /home/penguin/Programio/blizzard-esp/build/freertos/libfreertos.a(tasks.o)
                                         0x40 (size before relaxing)
 .literal.pvTaskIncrementMutexHeldCount
                0x0000000040080808        0x0 /home/penguin/Programio/blizzard-esp/build/freertos/libfreertos.a(tasks.o)
                                         0x10 (size before relaxing)
 .literal.prvGetNextExpireTime
                0x0000000040080808        0x4 /home/penguin/Programio/blizzard-esp/build/freertos/libfreertos.a(timers.o)
 .literal.prvInsertTimerInActiveList
                0x000000004008080c        0x4 /home/penguin/Programio/blizzard-esp/build/freertos/libfreertos.a(timers.o)
                                         0x10 (size before relaxing)
 .literal.prvCheckForValidListAndQueue
                0x0000000040080810       0x1c /home/penguin/Programio/blizzard-esp/build/freertos/libfreertos.a(timers.o)
                                         0x44 (size before relaxing)
 .literal.xTimerCreateTimerTask
                0x000000004008082c       0x10 /home/penguin/Programio/blizzard-esp/build/freertos/libfreertos.a(timers.o)
                                         0x2c (size before relaxing)
 .literal.xTimerGenericCommand
                0x000000004008083c        0x0 /home/penguin/Programio/blizzard-esp/build/freertos/libfreertos.a(timers.o)
                                         0x14 (size before relaxing)
 .literal.prvSwitchTimerLists
                0x000000004008083c        0x4 /home/penguin/Programio/blizzard-esp/build/freertos/libfreertos.a(timers.o)
                                         0x28 (size before relaxing)
 .literal.prvSampleTimeNow
                0x0000000040080840        0x4 /home/penguin/Programio/blizzard-esp/build/freertos/libfreertos.a(timers.o)
                                          0xc (size before relaxing)
 .literal.prvProcessExpiredTimer
                0x0000000040080844        0x4 /home/penguin/Programio/blizzard-esp/build/freertos/libfreertos.a(timers.o)
                                         0x24 (size before relaxing)
 .literal.prvProcessTimerOrBlockTask
                0x0000000040080848        0x0 /home/penguin/Programio/blizzard-esp/build/freertos/libfreertos.a(timers.o)
                                         0x24 (size before relaxing)
 .literal.prvProcessReceivedCommands
                0x0000000040080848        0x8 /home/penguin/Programio/blizzard-esp/build/freertos/libfreertos.a(timers.o)
                                         0x40 (size before relaxing)
 .literal.prvTimerTask
                0x0000000040080850        0x0 /home/penguin/Programio/blizzard-esp/build/freertos/libfreertos.a(timers.o)
                                          0xc (size before relaxing)
 .literal       0x0000000040080850        0x0 /home/penguin/Programio/blizzard-esp/build/freertos/libfreertos.a(xtensa_context.o)
                                         0x10 (size before relaxing)
 .literal       0x0000000040080850       0x10 /home/penguin/Programio/blizzard-esp/build/freertos/libfreertos.a(portasm.o)
                                         0x54 (size before relaxing)
 .literal._xt_tick_divisor_init
                0x0000000040080860        0x4 /home/penguin/Programio/blizzard-esp/build/freertos/libfreertos.a(xtensa_init.o)
                                          0x8 (size before relaxing)
 .literal.xRingbufferReceiveGeneric
                0x0000000040080864        0xc /home/penguin/Programio/blizzard-esp/build/freertos/libfreertos.a(ringbuf.o)
                                         0x20 (size before relaxing)
 .literal.xRingbufferGetMaxItemSize
                0x0000000040080870        0x4 /home/penguin/Programio/blizzard-esp/build/freertos/libfreertos.a(ringbuf.o)
                                         0x14 (size before relaxing)
 .literal.xRingbufferSend
                0x0000000040080874        0x4 /home/penguin/Programio/blizzard-esp/build/freertos/libfreertos.a(ringbuf.o)
                                         0x38 (size before relaxing)
 .literal.xRingbufferReceive
                0x0000000040080878        0x0 /home/penguin/Programio/blizzard-esp/build/freertos/libfreertos.a(ringbuf.o)
                                          0x4 (size before relaxing)
 .literal.vRingbufferReturnItem
                0x0000000040080878        0x0 /home/penguin/Programio/blizzard-esp/build/freertos/libfreertos.a(ringbuf.o)
                                          0xc (size before relaxing)
 .literal.panicPutChar
                0x0000000040080878        0x4 /home/penguin/Programio/blizzard-esp/build/esp32/libesp32.a(panic.o)
                                          0x8 (size before relaxing)
 .literal.panicPutStr
                0x000000004008087c        0x0 /home/penguin/Programio/blizzard-esp/build/esp32/libesp32.a(panic.o)
                                          0x4 (size before relaxing)
 .literal.panicPutHex
                0x000000004008087c        0x0 /home/penguin/Programio/blizzard-esp/build/esp32/libesp32.a(panic.o)
                                          0x8 (size before relaxing)
 .literal.panicPutDec
                0x000000004008087c        0x4 /home/penguin/Programio/blizzard-esp/build/esp32/libesp32.a(panic.o)
                                         0x10 (size before relaxing)
 .literal.reconfigureAllWdts
                0x0000000040080880        0xc /home/penguin/Programio/blizzard-esp/build/esp32/libesp32.a(panic.o)
                                         0x24 (size before relaxing)
 .literal.putEntry
                0x000000004008088c       0x10 /home/penguin/Programio/blizzard-esp/build/esp32/libesp32.a(panic.o)
                                         0x20 (size before relaxing)
 .literal.doBacktrace
                0x000000004008089c       0x10 /home/penguin/Programio/blizzard-esp/build/esp32/libesp32.a(panic.o)
                                         0x24 (size before relaxing)
 .literal.invoke_abort
                0x00000000400808ac        0x4 /home/penguin/Programio/blizzard-esp/build/esp32/libesp32.a(panic.o)
                                          0x8 (size before relaxing)
 .literal.haltOtherCore
                0x00000000400808b0        0x0 /home/penguin/Programio/blizzard-esp/build/esp32/libesp32.a(panic.o)
                                          0x4 (size before relaxing)
 .literal.esp_panic_wdt_start
                0x00000000400808b0       0x14 /home/penguin/Programio/blizzard-esp/build/esp32/libesp32.a(panic.o)
                                         0x2c (size before relaxing)
 .literal.esp_panic_dig_reset
                0x00000000400808c4        0x0 /home/penguin/Programio/blizzard-esp/build/esp32/libesp32.a(panic.o)
                                         0x14 (size before relaxing)
 .literal.abort
                0x00000000400808c4        0x8 /home/penguin/Programio/blizzard-esp/build/esp32/libesp32.a(panic.o)
                                         0x10 (size before relaxing)
 .literal.vApplicationStackOverflowHook
                0x00000000400808cc        0x8 /home/penguin/Programio/blizzard-esp/build/esp32/libesp32.a(panic.o)
                                         0x18 (size before relaxing)
 .literal.esp_panic_wdt_stop
                0x00000000400808d4        0x0 /home/penguin/Programio/blizzard-esp/build/esp32/libesp32.a(panic.o)
                                         0x18 (size before relaxing)
 .literal.commonErrorHandler
                0x00000000400808d4       0x18 /home/penguin/Programio/blizzard-esp/build/esp32/libesp32.a(panic.o)
                                         0x54 (size before relaxing)
 .literal.panicHandler
                0x00000000400808ec       0x34 /home/penguin/Programio/blizzard-esp/build/esp32/libesp32.a(panic.o)
                                         0x88 (size before relaxing)
 .literal.xt_unhandled_exception
                0x0000000040080920       0x1c /home/penguin/Programio/blizzard-esp/build/esp32/libesp32.a(panic.o)
                                         0x54 (size before relaxing)
 .literal.esp_set_breakpoint_if_jtag
                0x000000004008093c        0x0 /home/penguin/Programio/blizzard-esp/build/esp32/libesp32.a(panic.o)
                                          0x8 (size before relaxing)
 .literal._esp_error_check_failed
                0x000000004008093c        0xc /home/penguin/Programio/blizzard-esp/build/esp32/libesp32.a(panic.o)
                                         0x1c (size before relaxing)
 .literal.disable_mem_region
                0x0000000040080948        0xc /home/penguin/Programio/blizzard-esp/build/esp32/libesp32.a(heap_alloc_caps.o)
                                         0x14 (size before relaxing)
 .literal.dram_alloc_to_iram_addr
                0x0000000040080954       0x18 /home/penguin/Programio/blizzard-esp/build/esp32/libesp32.a(heap_alloc_caps.o)
                                         0x38 (size before relaxing)
 .literal.heap_alloc_enable_nonos_stack_tag
                0x000000004008096c        0x4 /home/penguin/Programio/blizzard-esp/build/esp32/libesp32.a(heap_alloc_caps.o)
 .literal.heap_alloc_caps_init
                0x0000000040080970       0x38 /home/penguin/Programio/blizzard-esp/build/esp32/libesp32.a(heap_alloc_caps.o)
                                         0x64 (size before relaxing)
 .literal.vPortFree
                0x00000000400809a8        0x8 /home/penguin/Programio/blizzard-esp/build/esp32/libesp32.a(heap_alloc_caps.o)
                                         0x10 (size before relaxing)
 .literal.pvPortMallocCaps
                0x00000000400809b0        0x4 /home/penguin/Programio/blizzard-esp/build/esp32/libesp32.a(heap_alloc_caps.o)
                                         0x18 (size before relaxing)
 .literal.pvPortMalloc
                0x00000000400809b4        0x0 /home/penguin/Programio/blizzard-esp/build/esp32/libesp32.a(heap_alloc_caps.o)
                                          0x4 (size before relaxing)
 .literal.rtc_clk_32k_enable_internal
                0x00000000400809b4       0x14 /home/penguin/Programio/blizzard-esp/build/soc/libsoc.a(rtc_clk.o)
 .literal.rtc_clk_32k_enable
                0x00000000400809c8        0x4 /home/penguin/Programio/blizzard-esp/build/soc/libsoc.a(rtc_clk.o)
                                          0xc (size before relaxing)
 .literal.rtc_clk_slow_freq_set
                0x00000000400809cc        0x8 /home/penguin/Programio/blizzard-esp/build/soc/libsoc.a(rtc_clk.o)
                                          0xc (size before relaxing)
 .literal.rtc_clk_slow_freq_get
                0x00000000400809d4        0x0 /home/penguin/Programio/blizzard-esp/build/soc/libsoc.a(rtc_clk.o)
                                          0x4 (size before relaxing)
 .literal.rtc_clk_slow_freq_get_hz
                0x00000000400809d4        0xc /home/penguin/Programio/blizzard-esp/build/soc/libsoc.a(rtc_clk.o)
                                         0x10 (size before relaxing)
 .literal.rtc_clk_fast_freq_set
                0x00000000400809e0        0x4 /home/penguin/Programio/blizzard-esp/build/soc/libsoc.a(rtc_clk.o)
                                          0xc (size before relaxing)
 .literal.rtc_clk_bbpll_set
                0x00000000400809e4        0x8 /home/penguin/Programio/blizzard-esp/build/soc/libsoc.a(rtc_clk.o)
                                         0x30 (size before relaxing)
 .literal.rtc_clk_xtal_freq_get
                0x00000000400809ec        0xc /home/penguin/Programio/blizzard-esp/build/soc/libsoc.a(rtc_clk.o)
                                         0x1c (size before relaxing)
 .literal.rtc_clk_apb_freq_update
                0x00000000400809f8        0x4 /home/penguin/Programio/blizzard-esp/build/soc/libsoc.a(rtc_clk.o)
                                          0x8 (size before relaxing)
 .literal.rtc_clk_cpu_freq_set
                0x00000000400809fc       0x28 /home/penguin/Programio/blizzard-esp/build/soc/libsoc.a(rtc_clk.o)
                                         0x94 (size before relaxing)
 .literal.rtc_clk_apb_freq_get
                0x0000000040080a24        0x0 /home/penguin/Programio/blizzard-esp/build/soc/libsoc.a(rtc_clk.o)
                                          0x8 (size before relaxing)
 .literal.rtc_init
                0x0000000040080a24       0x80 /home/penguin/Programio/blizzard-esp/build/soc/libsoc.a(rtc_init.o)
                                         0xfc (size before relaxing)
 .literal.rtc_clk_cal_internal
                0x0000000040080aa4       0x10 /home/penguin/Programio/blizzard-esp/build/soc/libsoc.a(rtc_time.o)
                                         0x3c (size before relaxing)
 .literal.rtc_clk_cal
                0x0000000040080ab4        0x0 /home/penguin/Programio/blizzard-esp/build/soc/libsoc.a(rtc_time.o)
                                          0xc (size before relaxing)
 .literal.rtc_time_get
                0x0000000040080ab4       0x10 /home/penguin/Programio/blizzard-esp/build/soc/libsoc.a(rtc_time.o)
                                         0x18 (size before relaxing)
 .literal       0x0000000040080ac4        0x0 /home/penguin/Programio/esp-idf/components/esp32/libhal.a(windowspill_asm.o)
                                          0x4 (size before relaxing)
 .literal.esp_rom_spiflash_read_status
                0x0000000040080ac4       0x10 /home/penguin/Programio/blizzard-esp/build/spi_flash/libspi_flash.a(spi_flash_rom_patch.o)
                                         0x14 (size before relaxing)
 .literal.esp_rom_spiflash_wait_idle
                0x0000000040080ad4        0x8 /home/penguin/Programio/blizzard-esp/build/spi_flash/libspi_flash.a(spi_flash_rom_patch.o)
                                          0xc (size before relaxing)
 .literal.esp_rom_spiflash_erase_block_internal
                0x0000000040080adc        0x4 /home/penguin/Programio/blizzard-esp/build/spi_flash/libspi_flash.a(spi_flash_rom_patch.o)
                                         0x18 (size before relaxing)
 .literal.esp_rom_spiflash_erase_sector_internal
                0x0000000040080ae0        0x0 /home/penguin/Programio/blizzard-esp/build/spi_flash/libspi_flash.a(spi_flash_rom_patch.o)
                                         0x18 (size before relaxing)
 .literal.esp_rom_spiflash_read_data
                0x0000000040080ae0       0x1c /home/penguin/Programio/blizzard-esp/build/spi_flash/libspi_flash.a(spi_flash_rom_patch.o)
                                         0x34 (size before relaxing)
 .literal.esp_rom_spiflash_enable_write
                0x0000000040080afc        0x0 /home/penguin/Programio/blizzard-esp/build/spi_flash/libspi_flash.a(spi_flash_rom_patch.o)
                                         0x10 (size before relaxing)
 .literal.esp_rom_spiflash_program_page_internal
                0x0000000040080afc        0xc /home/penguin/Programio/blizzard-esp/build/spi_flash/libspi_flash.a(spi_flash_rom_patch.o)
                                         0x40 (size before relaxing)
 .literal.esp_rom_spiflash_read_statushigh
                0x0000000040080b08        0x4 /home/penguin/Programio/blizzard-esp/build/spi_flash/libspi_flash.a(spi_flash_rom_patch.o)
                                          0xc (size before relaxing)
 .literal.esp_rom_spiflash_write_status
                0x0000000040080b0c        0x4 /home/penguin/Programio/blizzard-esp/build/spi_flash/libspi_flash.a(spi_flash_rom_patch.o)
                                         0x14 (size before relaxing)
 .literal.esp_rom_spiflash_unlock
                0x0000000040080b10        0x8 /home/penguin/Programio/blizzard-esp/build/spi_flash/libspi_flash.a(spi_flash_rom_patch.o)
                                         0x28 (size before relaxing)
 .literal.esp_rom_spiflash_erase_block
                0x0000000040080b18        0xc /home/penguin/Programio/blizzard-esp/build/spi_flash/libspi_flash.a(spi_flash_rom_patch.o)
                                         0x20 (size before relaxing)
 .literal.esp_rom_spiflash_erase_sector
                0x0000000040080b24        0x0 /home/penguin/Programio/blizzard-esp/build/spi_flash/libspi_flash.a(spi_flash_rom_patch.o)
                                         0x20 (size before relaxing)
 .literal.esp_rom_spiflash_write
                0x0000000040080b24        0x0 /home/penguin/Programio/blizzard-esp/build/spi_flash/libspi_flash.a(spi_flash_rom_patch.o)
                                         0x28 (size before relaxing)
 .literal.esp_rom_spiflash_write_encrypted
                0x0000000040080b24        0xc /home/penguin/Programio/blizzard-esp/build/spi_flash/libspi_flash.a(spi_flash_rom_patch.o)
                                         0x10 (size before relaxing)
 .literal.esp_rom_spiflash_read
                0x0000000040080b30       0x30 /home/penguin/Programio/blizzard-esp/build/spi_flash/libspi_flash.a(spi_flash_rom_patch.o)
                                         0x5c (size before relaxing)
 .iram1         0x0000000040080b60      0x14c /home/penguin/Programio/blizzard-esp/build/esp32/libesp32.a(system_api.o)
                                        0x15e (size before relaxing)
                0x0000000040080b60                esp_restart_noos
                0x0000000040080ca0                esp_restart
                0x0000000040080ca0                system_restart
 *fill*         0x0000000040080cac        0x0 
 .iram1         0x0000000040080cac       0x2c /home/penguin/Programio/blizzard-esp/build/esp32/libesp32.a(cache_err_int.o)
                0x0000000040080cac                esp_cache_err_get_cpuid
 .iram1         0x0000000040080cd8      0x13d /home/penguin/Programio/blizzard-esp/build/esp32/libesp32.a(cpu_start.o)
                                        0x17d (size before relaxing)
                0x0000000040080cd8                start_cpu0
                0x0000000040080cd8                start_cpu0_default
                0x0000000040080d68                call_start_cpu0
 *fill*         0x0000000040080e15        0x3 
 .iram1         0x0000000040080e18       0x7f /home/penguin/Programio/blizzard-esp/build/esp32/libesp32.a(ipc.o)
                                         0x8b (size before relaxing)
 *fill*         0x0000000040080e97        0x1 
 .iram1         0x0000000040080e98       0x98 /home/penguin/Programio/blizzard-esp/build/esp32/libesp32.a(crosscore_int.o)
                                         0xa8 (size before relaxing)
                0x0000000040080edc                esp_crosscore_int_send_yield
 .iram1         0x0000000040080f30        0xf /home/penguin/Programio/blizzard-esp/build/esp32/libesp32.a(clk.o)
                0x0000000040080f30                ets_update_cpu_frequency
 *fill*         0x0000000040080f3f        0x1 
 .iram1         0x0000000040080f40       0x1c /home/penguin/Programio/blizzard-esp/build/esp32/libesp32.a(freertos_hooks.o)
                0x0000000040080f40                esp_vApplicationTickHook
 .iram1         0x0000000040080f5c      0x1f6 /home/penguin/Programio/blizzard-esp/build/esp32/libesp32.a(intr_alloc.o)
                                        0x20a (size before relaxing)
                0x0000000040080f98                esp_intr_enable
                0x0000000040081020                esp_intr_disable
                0x00000000400810b0                esp_intr_noniram_disable
                0x00000000400810fc                esp_intr_noniram_enable
                0x000000004008113c                ets_isr_unmask
                0x0000000040081148                ets_isr_mask
 *fill*         0x0000000040081152        0x2 
 .iram1         0x0000000040081154      0x53e /home/penguin/Programio/blizzard-esp/build/freertos/libfreertos.a(xtensa_vectors.o)
                0x0000000040081154                _xt_panic
                0x0000000040081260                _xt_user_exit
                0x0000000040081520                _xt_medint2_exit
                0x00000000400815a4                _xt_medint3_exit
 *fill*         0x0000000040081692        0x2 
 .iram1         0x0000000040081694      0x174 /home/penguin/Programio/blizzard-esp/build/log/liblog.a(log.o)
                                        0x180 (size before relaxing)
                0x0000000040081694                esp_log_write
                0x00000000400817c4                esp_log_early_timestamp
                0x00000000400817d8                esp_log_timestamp
 .iram1         0x0000000040081808       0xae /home/penguin/Programio/blizzard-esp/build/newlib/libnewlib.a(time.o)
                                         0xb6 (size before relaxing)
                0x0000000040081850                _gettimeofday_r
                0x0000000040081894                _times_r
 *fill*         0x00000000400818b6        0x2 
 .iram1         0x00000000400818b8       0x3c /home/penguin/Programio/blizzard-esp/build/newlib/libnewlib.a(reent_init.o)
                0x00000000400818b8                esp_reent_init
 .iram1         0x00000000400818f4       0x76 /home/penguin/Programio/blizzard-esp/build/newlib/libnewlib.a(syscalls.o)
                                         0x86 (size before relaxing)
                0x00000000400818f4                _malloc_r
                0x0000000040081900                _free_r
                0x000000004008190c                _realloc_r
                0x000000004008194c                _calloc_r
 *fill*         0x000000004008196a        0x2 
 .iram1         0x000000004008196c      0x1c8 /home/penguin/Programio/blizzard-esp/build/newlib/libnewlib.a(locks.o)
                                        0x20c (size before relaxing)
                0x0000000040081a88                _lock_init
                0x0000000040081a94                _lock_init_recursive
                0x0000000040081aa0                _lock_close
                0x0000000040081adc                _lock_acquire
                0x0000000040081aec                _lock_acquire_recursive
                0x0000000040081afc                _lock_try_acquire
                0x0000000040081b0c                _lock_try_acquire_recursive
                0x0000000040081b1c                _lock_release
                0x0000000040081b28                _lock_release_recursive
 .iram1         0x0000000040081b34       0xf6 /home/penguin/Programio/blizzard-esp/build/soc/libsoc.a(cpu_util.o)
                0x0000000040081b34                esp_cpu_stall
                0x0000000040081bc8                esp_cpu_unstall
                0x0000000040081c1c                esp_cpu_in_ocd_debug_mode
 *fill*         0x0000000040081c2a        0x2 
 .iram1         0x0000000040081c2c      0x141 /home/penguin/Programio/blizzard-esp/build/spi_flash/libspi_flash.a(cache_utils.o)
                                        0x151 (size before relaxing)
                0x0000000040081cf4                spi_flash_disable_interrupts_caches_and_other_cpu
                0x0000000040081d08                spi_flash_enable_interrupts_caches_and_other_cpu
                0x0000000040081d20                spi_flash_disable_interrupts_caches_and_other_cpu_no_os
                0x0000000040081d30                spi_flash_enable_interrupts_caches_no_os
                0x0000000040081d48                spi_flash_cache_enabled
 *fill*         0x0000000040081d6d        0x3 
 .iram1         0x0000000040081d70      0x579 /home/penguin/Programio/blizzard-esp/build/spi_flash/libspi_flash.a(flash_ops.o)
                                        0x59d (size before relaxing)
                0x0000000040081dd0                spi_flash_guard_set
                0x0000000040081ddc                spi_flash_get_chip_size
                0x0000000040081de8                spi_flash_erase_range
                0x0000000040081e8c                spi_flash_erase_sector
                0x0000000040081e9c                spi_flash_write
                0x0000000040082024                spi_flash_read
                0x00000000400821a8                spi_flash_read_encrypted
                0x00000000400821f4                spi_flash_write_encrypted
 *fill*         0x00000000400822e9        0x3 
 .iram1         0x00000000400822ec      0x396 /home/penguin/Programio/blizzard-esp/build/spi_flash/libspi_flash.a(flash_mmap.o)
                                        0x39a (size before relaxing)
                0x00000000400823d0                spi_flash_mmap
                0x0000000040082594                spi_flash_munmap
                0x0000000040082638                spi_flash_mark_modified_region
 *fill*         0x0000000040082682        0x2 
 .iram1         0x0000000040082684      0x18d /home/penguin/Programio/blizzard-esp/build/vfs/libvfs.a(vfs_uart.o)
                                        0x1a9 (size before relaxing)
 *fill*         0x0000000040082811        0x0 
 *fill*         0x0000000040082811        0x0 
 *fill*         0x0000000040082811        0x3 
 .iram1         0x0000000040082814       0x1d /home/penguin/Programio/blizzard-esp/build/esp32/libesp32.a(dport_access.o)
                0x0000000040082814                esp_dport_access_stall_other_cpu_start
                0x000000004008281c                esp_dport_access_stall_other_cpu_end
                0x0000000040082824                esp_dport_access_stall_other_cpu_start_wrap
                0x000000004008282c                esp_dport_access_stall_other_cpu_end_wrap
 *fill*         0x0000000040082831        0x0 
 *fill*         0x0000000040082831        0x0 
 *fill*         0x0000000040082831        0x0 
 *fill*         0x0000000040082831        0x0 
 *fill*         0x0000000040082831        0x0 
 *fill*         0x0000000040082831        0x0 
 *fill*         0x0000000040082831        0x0 
 *fill*         0x0000000040082831        0x0 
 *fill*         0x0000000040082831        0x0 
 *fill*         0x0000000040082831        0x0 
 *libfreertos.a:(.literal .text .literal.* .text.*)
 *fill*         0x0000000040082831        0x3 
 .text.xt_unhandled_interrupt
                0x0000000040082834       0x16 /home/penguin/Programio/blizzard-esp/build/freertos/libfreertos.a(xtensa_intr.o)
                0x0000000040082834                xt_unhandled_interrupt
 *fill*         0x000000004008284a        0x2 
 .text.xt_set_interrupt_handler
                0x000000004008284c       0x46 /home/penguin/Programio/blizzard-esp/build/freertos/libfreertos.a(xtensa_intr.o)
                0x000000004008284c                xt_set_interrupt_handler
 *fill*         0x0000000040082892        0x2 
 .text.prvIsQueueFull
                0x0000000040082894       0x2a /home/penguin/Programio/blizzard-esp/build/freertos/libfreertos.a(queue.o)
 *fill*         0x00000000400828be        0x2 
 .text.prvCopyDataToQueue
                0x00000000400828c0       0x9e /home/penguin/Programio/blizzard-esp/build/freertos/libfreertos.a(queue.o)
 *fill*         0x000000004008295e        0x2 
 .text.prvNotifyQueueSetContainer
                0x0000000040082960       0x6a /home/penguin/Programio/blizzard-esp/build/freertos/libfreertos.a(queue.o)
                                         0x76 (size before relaxing)
 *fill*         0x00000000400829ca        0x2 
 .text.prvCopyDataFromQueue
                0x00000000400829cc       0x24 /home/penguin/Programio/blizzard-esp/build/freertos/libfreertos.a(queue.o)
 .text.xQueueGenericReset
                0x00000000400829f0       0x86 /home/penguin/Programio/blizzard-esp/build/freertos/libfreertos.a(queue.o)
                                         0x96 (size before relaxing)
                0x00000000400829f0                xQueueGenericReset
 *fill*         0x0000000040082a76        0x2 
 .text.prvInitialiseNewQueue
                0x0000000040082a78       0x1f /home/penguin/Programio/blizzard-esp/build/freertos/libfreertos.a(queue.o)
                                         0x23 (size before relaxing)
 *fill*         0x0000000040082a97        0x1 
 .text.xQueueGenericCreate
                0x0000000040082a98       0x45 /home/penguin/Programio/blizzard-esp/build/freertos/libfreertos.a(queue.o)
                                         0x4d (size before relaxing)
                0x0000000040082a98                xQueueGenericCreate
 *fill*         0x0000000040082add        0x3 
 .text.xQueueGetMutexHolder
                0x0000000040082ae0       0x23 /home/penguin/Programio/blizzard-esp/build/freertos/libfreertos.a(queue.o)
                0x0000000040082ae0                xQueueGetMutexHolder
 *fill*         0x0000000040082b03        0x1 
 .text.xQueueGenericSend
                0x0000000040082b04      0x158 /home/penguin/Programio/blizzard-esp/build/freertos/libfreertos.a(queue.o)
                                        0x18c (size before relaxing)
                0x0000000040082b04                xQueueGenericSend
 .text.prvInitialiseMutex
                0x0000000040082c5c       0x22 /home/penguin/Programio/blizzard-esp/build/freertos/libfreertos.a(queue.o)
                                         0x26 (size before relaxing)
 *fill*         0x0000000040082c7e        0x2 
 .text.xQueueCreateMutex
                0x0000000040082c80       0x16 /home/penguin/Programio/blizzard-esp/build/freertos/libfreertos.a(queue.o)
                                         0x1a (size before relaxing)
                0x0000000040082c80                xQueueCreateMutex
 *fill*         0x0000000040082c96        0x2 
 .text.xQueueGiveMutexRecursive
                0x0000000040082c98       0x48 /home/penguin/Programio/blizzard-esp/build/freertos/libfreertos.a(queue.o)
                                         0x4c (size before relaxing)
                0x0000000040082c98                xQueueGiveMutexRecursive
 .text.xQueueGenericSendFromISR
                0x0000000040082ce0       0xd6 /home/penguin/Programio/blizzard-esp/build/freertos/libfreertos.a(queue.o)
                                         0xe6 (size before relaxing)
                0x0000000040082ce0                xQueueGenericSendFromISR
 *fill*         0x0000000040082db6        0x2 
 .text.xQueueGiveFromISR
                0x0000000040082db8       0xb6 /home/penguin/Programio/blizzard-esp/build/freertos/libfreertos.a(queue.o)
                                         0xc2 (size before relaxing)
                0x0000000040082db8                xQueueGiveFromISR
 *fill*         0x0000000040082e6e        0x2 
 .text.xQueueGenericReceive
                0x0000000040082e70      0x144 /home/penguin/Programio/blizzard-esp/build/freertos/libfreertos.a(queue.o)
                                        0x178 (size before relaxing)
                0x0000000040082e70                xQueueGenericReceive
 .text.xQueueTakeMutexRecursive
                0x0000000040082fb4       0x51 /home/penguin/Programio/blizzard-esp/build/freertos/libfreertos.a(queue.o)
                0x0000000040082fb4                xQueueTakeMutexRecursive
 *fill*         0x0000000040083005        0x3 
 .text.xQueueReceiveFromISR
                0x0000000040083008       0x96 /home/penguin/Programio/blizzard-esp/build/freertos/libfreertos.a(queue.o)
                                         0xa6 (size before relaxing)
                0x0000000040083008                xQueueReceiveFromISR
 *fill*         0x000000004008309e        0x2 
 .text.vQueueDelete
                0x00000000400830a0       0x25 /home/penguin/Programio/blizzard-esp/build/freertos/libfreertos.a(queue.o)
                                         0x28 (size before relaxing)
                0x00000000400830a0                vQueueDelete
 *fill*         0x00000000400830c5        0x3 
 .text.vQueueWaitForMessageRestricted
                0x00000000400830c8       0x23 /home/penguin/Programio/blizzard-esp/build/freertos/libfreertos.a(queue.o)
                                         0x2a (size before relaxing)
                0x00000000400830c8                vQueueWaitForMessageRestricted
 *fill*         0x00000000400830eb        0x1 
 .text.pxPortInitialiseStack
                0x00000000400830ec       0x50 /home/penguin/Programio/blizzard-esp/build/freertos/libfreertos.a(port.o)
                0x00000000400830ec                pxPortInitialiseStack
 .text.xPortStartScheduler
                0x000000004008313c       0x22 /home/penguin/Programio/blizzard-esp/build/freertos/libfreertos.a(port.o)
                                         0x2e (size before relaxing)
                0x000000004008313c                xPortStartScheduler
 *fill*         0x000000004008315e        0x2 
 .text.xPortSysTickHandler
                0x0000000040083160       0x10 /home/penguin/Programio/blizzard-esp/build/freertos/libfreertos.a(port.o)
                                         0x16 (size before relaxing)
                0x0000000040083160                xPortSysTickHandler
 *fill*         0x0000000040083170        0x0 
 .text.vPortYieldOtherCore
                0x0000000040083170        0xa /home/penguin/Programio/blizzard-esp/build/freertos/libfreertos.a(port.o)
                                          0xe (size before relaxing)
                0x0000000040083170                vPortYieldOtherCore
 *fill*         0x000000004008317a        0x2 
 .text.vPortReleaseTaskMPUSettings
                0x000000004008317c        0xa /home/penguin/Programio/blizzard-esp/build/freertos/libfreertos.a(port.o)
                                          0xe (size before relaxing)
                0x000000004008317c                vPortReleaseTaskMPUSettings
 *fill*         0x0000000040083186        0x2 
 .text.xPortInIsrContext
                0x0000000040083188       0x26 /home/penguin/Programio/blizzard-esp/build/freertos/libfreertos.a(port.o)
                0x0000000040083188                xPortInIsrContext
 *fill*         0x00000000400831ae        0x2 
 .text.vPortCPUInitializeMutex
                0x00000000400831b0        0xd /home/penguin/Programio/blizzard-esp/build/freertos/libfreertos.a(port.o)
                0x00000000400831b0                vPortCPUInitializeMutex
 *fill*         0x00000000400831bd        0x3 
 .text.vPortFirstTaskHook
                0x00000000400831c0        0xa /home/penguin/Programio/blizzard-esp/build/freertos/libfreertos.a(port.o)
                                          0xe (size before relaxing)
                0x00000000400831c0                vPortFirstTaskHook
 *fill*         0x00000000400831ca        0x2 
 .text.prvInsertBlockIntoFreeList
                0x00000000400831cc       0x9f /home/penguin/Programio/blizzard-esp/build/freertos/libfreertos.a(heap_regions.o)
 *fill*         0x000000004008326b        0x1 
 .text.pvPortMallocTagged
                0x000000004008326c      0x114 /home/penguin/Programio/blizzard-esp/build/freertos/libfreertos.a(heap_regions.o)
                                        0x123 (size before relaxing)
                0x000000004008326c                pvPortMallocTagged
 *fill*         0x0000000040083380        0x0 
 .text.vPortFreeTagged
                0x0000000040083380       0x88 /home/penguin/Programio/blizzard-esp/build/freertos/libfreertos.a(heap_regions.o)
                                         0x94 (size before relaxing)
                0x0000000040083380                vPortFreeTagged
 .text.vPortDefineHeapRegionsTagged
                0x0000000040083408      0x185 /home/penguin/Programio/blizzard-esp/build/freertos/libfreertos.a(heap_regions.o)
                                        0x191 (size before relaxing)
                0x0000000040083408                vPortDefineHeapRegionsTagged
 *fill*         0x000000004008358d        0x3 
 .text.prvResetNextTaskUnblockTime
                0x0000000040083590       0x34 /home/penguin/Programio/blizzard-esp/build/freertos/libfreertos.a(tasks.o)
 .text.prvInitialiseNewTask
                0x00000000400835c4       0xc6 /home/penguin/Programio/blizzard-esp/build/freertos/libfreertos.a(tasks.o)
                                         0xd2 (size before relaxing)
 *fill*         0x000000004008368a        0x2 
 .text.prvInitialiseTaskLists
                0x000000004008368c       0x55 /home/penguin/Programio/blizzard-esp/build/freertos/libfreertos.a(tasks.o)
                                         0x65 (size before relaxing)
 *fill*         0x00000000400836e1        0x3 
 .text.prvAddCurrentTaskToDelayedList
                0x00000000400836e4       0x66 /home/penguin/Programio/blizzard-esp/build/freertos/libfreertos.a(tasks.o)
                                         0x6a (size before relaxing)
 *fill*         0x000000004008374a        0x2 
 .text.prvDeleteTCB
                0x000000004008374c       0x4a /home/penguin/Programio/blizzard-esp/build/freertos/libfreertos.a(tasks.o)
                                         0x5d (size before relaxing)
 *fill*         0x0000000040083796        0x2 
 .text.taskYIELD_OTHER_CORE
                0x0000000040083798       0x53 /home/penguin/Programio/blizzard-esp/build/freertos/libfreertos.a(tasks.o)
                0x0000000040083798                taskYIELD_OTHER_CORE
 *fill*         0x00000000400837eb        0x1 
 .text.vTaskSuspendAll
                0x00000000400837ec       0x26 /home/penguin/Programio/blizzard-esp/build/freertos/libfreertos.a(tasks.o)
                0x00000000400837ec                vTaskSuspendAll
 *fill*         0x0000000040083812        0x2 
 .text.vTaskSwitchContext
                0x0000000040083814      0x242 /home/penguin/Programio/blizzard-esp/build/freertos/libfreertos.a(tasks.o)
                                        0x246 (size before relaxing)
                0x0000000040083814                vTaskSwitchContext
 *fill*         0x0000000040083a56        0x2 
 .text.vTaskSetTimeOutState
                0x0000000040083a58       0x34 /home/penguin/Programio/blizzard-esp/build/freertos/libfreertos.a(tasks.o)
                0x0000000040083a58                vTaskSetTimeOutState
 .text.xTaskGetCurrentTaskHandle
                0x0000000040083a8c       0x1f /home/penguin/Programio/blizzard-esp/build/freertos/libfreertos.a(tasks.o)
                0x0000000040083a8c                xTaskGetCurrentTaskHandle
 *fill*         0x0000000040083aab        0x1 
 .text.__getreent
                0x0000000040083aac       0x19 /home/penguin/Programio/blizzard-esp/build/freertos/libfreertos.a(tasks.o)
                0x0000000040083aac                __getreent
 *fill*         0x0000000040083ac5        0x3 
 .text.pcTaskGetTaskName
                0x0000000040083ac8       0x2a /home/penguin/Programio/blizzard-esp/build/freertos/libfreertos.a(tasks.o)
                                         0x2d (size before relaxing)
                0x0000000040083ac8                pcTaskGetTaskName
 *fill*         0x0000000040083af2        0x2 
 .text.xTaskGetAffinity
                0x0000000040083af4       0x10 /home/penguin/Programio/blizzard-esp/build/freertos/libfreertos.a(tasks.o)
                                         0x13 (size before relaxing)
                0x0000000040083af4                xTaskGetAffinity
 *fill*         0x0000000040083b04        0x0 
 .text.xTaskGetCurrentTaskHandleForCPU
                0x0000000040083b04       0x18 /home/penguin/Programio/blizzard-esp/build/freertos/libfreertos.a(tasks.o)
                0x0000000040083b04                xTaskGetCurrentTaskHandleForCPU
 .text.xTaskGetSchedulerState
                0x0000000040083b1c       0x37 /home/penguin/Programio/blizzard-esp/build/freertos/libfreertos.a(tasks.o)
                0x0000000040083b1c                xTaskGetSchedulerState
 *fill*         0x0000000040083b53        0x1 
 .text.vTaskEnterCritical
                0x0000000040083b54       0x72 /home/penguin/Programio/blizzard-esp/build/freertos/libfreertos.a(tasks.o)
                                         0x76 (size before relaxing)
                0x0000000040083b54                vTaskEnterCritical
 *fill*         0x0000000040083bc6        0x2 
 .text.vTaskExitCritical
                0x0000000040083bc8       0x6e /home/penguin/Programio/blizzard-esp/build/freertos/libfreertos.a(tasks.o)
                                         0x72 (size before relaxing)
                0x0000000040083bc8                vTaskExitCritical
 *fill*         0x0000000040083c36        0x2 
 .text.prvAddNewTaskToReadyList
                0x0000000040083c38      0x134 /home/penguin/Programio/blizzard-esp/build/freertos/libfreertos.a(tasks.o)
                                        0x14b (size before relaxing)
 *fill*         0x0000000040083d6c        0x0 
 .text.xTaskCreatePinnedToCore
                0x0000000040083d6c       0x65 /home/penguin/Programio/blizzard-esp/build/freertos/libfreertos.a(tasks.o)
                                         0x71 (size before relaxing)
                0x0000000040083d6c                xTaskCreatePinnedToCore
 *fill*         0x0000000040083dd1        0x3 
 .text.vTaskStartScheduler
                0x0000000040083dd4       0x63 /home/penguin/Programio/blizzard-esp/build/freertos/libfreertos.a(tasks.o)
                                         0x6e (size before relaxing)
                0x0000000040083dd4                vTaskStartScheduler
 *fill*         0x0000000040083e37        0x1 
 .text.vTaskDelete
                0x0000000040083e38       0xb0 /home/penguin/Programio/blizzard-esp/build/freertos/libfreertos.a(tasks.o)
                                         0xcc (size before relaxing)
                0x0000000040083e38                vTaskDelete
 .text.vTaskDelay
                0x0000000040083ee8       0x74 /home/penguin/Programio/blizzard-esp/build/freertos/libfreertos.a(tasks.o)
                                         0x84 (size before relaxing)
                0x0000000040083ee8                vTaskDelay
 .text.prvCheckTasksWaitingTermination
                0x0000000040083f5c       0x90 /home/penguin/Programio/blizzard-esp/build/freertos/libfreertos.a(tasks.o)
                                         0x97 (size before relaxing)
 *fill*         0x0000000040083fec        0x0 
 .text.prvIdleTask
                0x0000000040083fec        0xc /home/penguin/Programio/blizzard-esp/build/freertos/libfreertos.a(tasks.o)
                                         0x12 (size before relaxing)
 *fill*         0x0000000040083ff8        0x0 
 .text.xTaskGetTickCount
                0x0000000040083ff8       0x1c /home/penguin/Programio/blizzard-esp/build/freertos/libfreertos.a(tasks.o)
                                         0x20 (size before relaxing)
                0x0000000040083ff8                xTaskGetTickCount
 .text.xTaskIncrementTick
                0x0000000040084014      0x1b2 /home/penguin/Programio/blizzard-esp/build/freertos/libfreertos.a(tasks.o)
                                        0x1ce (size before relaxing)
                0x0000000040084014                xTaskIncrementTick
 *fill*         0x00000000400841c6        0x2 
 .text.xTaskResumeAll
                0x00000000400841c8      0x17f /home/penguin/Programio/blizzard-esp/build/freertos/libfreertos.a(tasks.o)
                                        0x192 (size before relaxing)
                0x00000000400841c8                xTaskResumeAll
 *fill*         0x0000000040084347        0x1 
 .text.vTaskPlaceOnEventList
                0x0000000040084348       0x8f /home/penguin/Programio/blizzard-esp/build/freertos/libfreertos.a(tasks.o)
                                         0xa3 (size before relaxing)
                0x0000000040084348                vTaskPlaceOnEventList
 *fill*         0x00000000400843d7        0x1 
 .text.vTaskPlaceOnEventListRestricted
                0x00000000400843d8       0x6b /home/penguin/Programio/blizzard-esp/build/freertos/libfreertos.a(tasks.o)
                                         0x7f (size before relaxing)
                0x00000000400843d8                vTaskPlaceOnEventListRestricted
 *fill*         0x0000000040084443        0x1 
 .text.xTaskRemoveFromEventList
                0x0000000040084444      0x104 /home/penguin/Programio/blizzard-esp/build/freertos/libfreertos.a(tasks.o)
                                        0x113 (size before relaxing)
                0x0000000040084444                xTaskRemoveFromEventList
 *fill*         0x0000000040084548        0x0 
 .text.xTaskCheckForTimeOut
                0x0000000040084548       0x8b /home/penguin/Programio/blizzard-esp/build/freertos/libfreertos.a(tasks.o)
                                         0x96 (size before relaxing)
                0x0000000040084548                xTaskCheckForTimeOut
 *fill*         0x00000000400845d3        0x1 
 .text.vTaskPriorityInherit
                0x00000000400845d4       0xc4 /home/penguin/Programio/blizzard-esp/build/freertos/libfreertos.a(tasks.o)
                                         0xdb (size before relaxing)
                0x00000000400845d4                vTaskPriorityInherit
 *fill*         0x0000000040084698        0x0 
 .text.xTaskPriorityDisinherit
                0x0000000040084698       0x97 /home/penguin/Programio/blizzard-esp/build/freertos/libfreertos.a(tasks.o)
                                         0xaa (size before relaxing)
                0x0000000040084698                xTaskPriorityDisinherit
 *fill*         0x000000004008472f        0x1 
 .text.pvTaskIncrementMutexHeldCount
                0x0000000040084730       0x50 /home/penguin/Programio/blizzard-esp/build/freertos/libfreertos.a(tasks.o)
                                         0x54 (size before relaxing)
                0x0000000040084730                pvTaskIncrementMutexHeldCount
 .text.prvGetNextExpireTime
                0x0000000040084780       0x20 /home/penguin/Programio/blizzard-esp/build/freertos/libfreertos.a(timers.o)
 .text.prvInsertTimerInActiveList
                0x00000000400847a0       0x50 /home/penguin/Programio/blizzard-esp/build/freertos/libfreertos.a(timers.o)
                                         0x54 (size before relaxing)
 .text.prvCheckForValidListAndQueue
                0x00000000400847f0       0x66 /home/penguin/Programio/blizzard-esp/build/freertos/libfreertos.a(timers.o)
                                         0x7e (size before relaxing)
 *fill*         0x0000000040084856        0x2 
 .text.xTimerCreateTimerTask
                0x0000000040084858       0x48 /home/penguin/Programio/blizzard-esp/build/freertos/libfreertos.a(timers.o)
                                         0x4c (size before relaxing)
                0x0000000040084858                xTimerCreateTimerTask
 .text.xTimerGenericCommand
                0x00000000400848a0       0x55 /home/penguin/Programio/blizzard-esp/build/freertos/libfreertos.a(timers.o)
                                         0x5d (size before relaxing)
                0x00000000400848a0                xTimerGenericCommand
 *fill*         0x00000000400848f5        0x3 
 .text.prvSwitchTimerLists
                0x00000000400848f8       0x76 /home/penguin/Programio/blizzard-esp/build/freertos/libfreertos.a(timers.o)
                                         0x82 (size before relaxing)
 *fill*         0x000000004008496e        0x2 
 .text.prvSampleTimeNow
                0x0000000040084970       0x2b /home/penguin/Programio/blizzard-esp/build/freertos/libfreertos.a(timers.o)
                                         0x2f (size before relaxing)
 *fill*         0x000000004008499b        0x1 
 .text.prvProcessExpiredTimer
                0x000000004008499c       0x53 /home/penguin/Programio/blizzard-esp/build/freertos/libfreertos.a(timers.o)
                                         0x5f (size before relaxing)
 *fill*         0x00000000400849ef        0x1 
 .text.prvProcessTimerOrBlockTask
                0x00000000400849f0       0x58 /home/penguin/Programio/blizzard-esp/build/freertos/libfreertos.a(timers.o)
                                         0x6c (size before relaxing)
 .text.prvProcessReceivedCommands
                0x0000000040084a48       0xd2 /home/penguin/Programio/blizzard-esp/build/freertos/libfreertos.a(timers.o)
                                         0xe6 (size before relaxing)
 *fill*         0x0000000040084b1a        0x2 
 .text.prvTimerTask
                0x0000000040084b1c       0x15 /home/penguin/Programio/blizzard-esp/build/freertos/libfreertos.a(timers.o)
                                         0x1d (size before relaxing)
 *fill*         0x0000000040084b31        0x3 
 .text          0x0000000040084b34      0x12b /home/penguin/Programio/blizzard-esp/build/freertos/libfreertos.a(xtensa_context.o)
                0x0000000040084b34                _xt_context_save
                0x0000000040084b9c                _xt_context_restore
                0x0000000040084be0                _xt_coproc_init
                0x0000000040084bf4                _xt_coproc_release
                0x0000000040084c20                _xt_coproc_savecs
                0x0000000040084c40                _xt_coproc_restorecs
 *fill*         0x0000000040084c5f        0x1 
 .text          0x0000000040084c60      0x1cc /home/penguin/Programio/blizzard-esp/build/freertos/libfreertos.a(portasm.o)
                0x0000000040084c60                _frxt_setup_switch
                0x0000000040084c78                _frxt_int_enter
                0x0000000040084cc0                _frxt_int_exit
                0x0000000040084d10                _frxt_timer_int
                0x0000000040084d34                _frxt_tick_timer_init
                0x0000000040084d4c                _frxt_dispatch
                0x0000000040084d94                vPortYield
                0x0000000040084de0                vPortYieldFromInt
                0x0000000040084e00                _frxt_task_coproc_state
 .text._xt_tick_divisor_init
                0x0000000040084e2c        0xd /home/penguin/Programio/blizzard-esp/build/freertos/libfreertos.a(xtensa_init.o)
                0x0000000040084e2c                _xt_tick_divisor_init
 *fill*         0x0000000040084e39        0x3 
 .text.xRingbufferReceiveGeneric
                0x0000000040084e3c       0x68 /home/penguin/Programio/blizzard-esp/build/freertos/libfreertos.a(ringbuf.o)
                                         0x70 (size before relaxing)
 .text.xRingbufferGetMaxItemSize
                0x0000000040084ea4       0x22 /home/penguin/Programio/blizzard-esp/build/freertos/libfreertos.a(ringbuf.o)
                0x0000000040084ea4                xRingbufferGetMaxItemSize
 *fill*         0x0000000040084ec6        0x2 
 .text.xRingbufferSend
                0x0000000040084ec8       0xb5 /home/penguin/Programio/blizzard-esp/build/freertos/libfreertos.a(ringbuf.o)
                                         0xd5 (size before relaxing)
                0x0000000040084ec8                xRingbufferSend
 *fill*         0x0000000040084f7d        0x3 
 .text.xRingbufferReceive
                0x0000000040084f80       0x15 /home/penguin/Programio/blizzard-esp/build/freertos/libfreertos.a(ringbuf.o)
                0x0000000040084f80                xRingbufferReceive
 *fill*         0x0000000040084f95        0x3 
 .text.vRingbufferReturnItem
                0x0000000040084f98       0x28 /home/penguin/Programio/blizzard-esp/build/freertos/libfreertos.a(ringbuf.o)
                                         0x30 (size before relaxing)
                0x0000000040084f98                vRingbufferReturnItem
 *fill*         0x0000000040084fc0        0x0 
 *fill*         0x0000000040084fc0        0x0 
 *fill*         0x0000000040084fc0        0x0 
 .text.prvIsQueueEmpty
                0x0000000040084fc0       0x12 /home/penguin/Programio/blizzard-esp/build/freertos/libfreertos.a(queue.o)
 *fill*         0x0000000040084fd2        0x0 
 *fill*         0x0000000040084fd2        0x0 
 *fill*         0x0000000040084fd2        0x0 
 *fill*         0x0000000040084fd2        0x0 
 *fill*         0x0000000040084fd2        0x0 
 *fill*         0x0000000040084fd2        0x0 
 *fill*         0x0000000040084fd2        0x0 
 *fill*         0x0000000040084fd2        0x0 
 *fill*         0x0000000040084fd2        0x0 
 *fill*         0x0000000040084fd2        0x0 
 *fill*         0x0000000040084fd2        0x0 
 *fill*         0x0000000040084fd2        0x0 
 *fill*         0x0000000040084fd2        0x0 
 *fill*         0x0000000040084fd2        0x0 
 *fill*         0x0000000040084fd2        0x2 
 .text.vListInitialise
                0x0000000040084fd4       0x15 /home/penguin/Programio/blizzard-esp/build/freertos/libfreertos.a(list.o)
                0x0000000040084fd4                vListInitialise
 *fill*         0x0000000040084fe9        0x3 
 .text.vListInitialiseItem
                0x0000000040084fec        0x9 /home/penguin/Programio/blizzard-esp/build/freertos/libfreertos.a(list.o)
                0x0000000040084fec                vListInitialiseItem
 *fill*         0x0000000040084ff5        0x3 
 .text.vListInsertEnd
                0x0000000040084ff8       0x1b /home/penguin/Programio/blizzard-esp/build/freertos/libfreertos.a(list.o)
                0x0000000040084ff8                vListInsertEnd
 *fill*         0x0000000040085013        0x1 
 .text.vListInsert
                0x0000000040085014       0x2f /home/penguin/Programio/blizzard-esp/build/freertos/libfreertos.a(list.o)
                0x0000000040085014                vListInsert
 *fill*         0x0000000040085043        0x1 
 .text.uxListRemove
                0x0000000040085044       0x26 /home/penguin/Programio/blizzard-esp/build/freertos/libfreertos.a(list.o)
                0x0000000040085044                uxListRemove
 *fill*         0x000000004008506a        0x0 
 *fill*         0x000000004008506a        0x0 
 *fill*         0x000000004008506a        0x0 
 *fill*         0x000000004008506a        0x2 
 .text.vPortStoreTaskMPUSettings
                0x000000004008506c       0x13 /home/penguin/Programio/blizzard-esp/build/freertos/libfreertos.a(port.o)
                0x000000004008506c                vPortStoreTaskMPUSettings
 *fill*         0x000000004008507f        0x0 
 *fill*         0x000000004008507f        0x0 
 *fill*         0x000000004008507f        0x0 
 *fill*         0x000000004008507f        0x1 
 .text.vPortCPUAcquireMutex
                0x0000000040085080        0x5 /home/penguin/Programio/blizzard-esp/build/freertos/libfreertos.a(port.o)
                0x0000000040085080                vPortCPUAcquireMutex
 *fill*         0x0000000040085085        0x3 
 .text.vPortCPUReleaseMutex
                0x0000000040085088        0x7 /home/penguin/Programio/blizzard-esp/build/freertos/libfreertos.a(port.o)
                0x0000000040085088                vPortCPUReleaseMutex
 *fill*         0x000000004008508f        0x0 
 *fill*         0x000000004008508f        0x0 
 *fill*         0x000000004008508f        0x0 
 *fill*         0x000000004008508f        0x0 
 *fill*         0x000000004008508f        0x0 
 *fill*         0x000000004008508f        0x0 
 *fill*         0x000000004008508f        0x0 
 *fill*         0x000000004008508f        0x0 
 *fill*         0x000000004008508f        0x0 
 *fill*         0x000000004008508f        0x0 
 *fill*         0x000000004008508f        0x0 
 *fill*         0x000000004008508f        0x0 
 *fill*         0x000000004008508f        0x0 
 *fill*         0x000000004008508f        0x0 
 *fill*         0x000000004008508f        0x0 
 *fill*         0x000000004008508f        0x0 
 *fill*         0x000000004008508f        0x0 
 *fill*         0x000000004008508f        0x0 
 *fill*         0x000000004008508f        0x0 
 *fill*         0x000000004008508f        0x0 
 *fill*         0x000000004008508f        0x0 
 *fill*         0x000000004008508f        0x0 
 *fill*         0x000000004008508f        0x0 
 *fill*         0x000000004008508f        0x0 
 *fill*         0x000000004008508f        0x0 
 *fill*         0x000000004008508f        0x0 
 *fill*         0x000000004008508f        0x0 
 *fill*         0x000000004008508f        0x0 
 *fill*         0x000000004008508f        0x0 
 *fill*         0x000000004008508f        0x0 
 *fill*         0x000000004008508f        0x0 
 *fill*         0x000000004008508f        0x0 
 *fill*         0x000000004008508f        0x0 
 *fill*         0x000000004008508f        0x0 
 *fill*         0x000000004008508f        0x0 
 *fill*         0x000000004008508f        0x0 
 *fill*         0x000000004008508f        0x0 
 *fill*         0x000000004008508f        0x0 
 *fill*         0x000000004008508f        0x0 
 *fill*         0x000000004008508f        0x1 
 .text          0x0000000040085090       0x33 /home/penguin/Programio/blizzard-esp/build/freertos/libfreertos.a(xtensa_intr_asm.o)
                0x0000000040085090                xt_ints_on
                0x00000000400850a8                xt_ints_off
 *fill*         0x00000000400850c3        0x0 
 *fill*         0x00000000400850c3        0x1 
 .text.ringbufferFreeMem
                0x00000000400850c4       0x15 /home/penguin/Programio/blizzard-esp/build/freertos/libfreertos.a(ringbuf.o)
 *fill*         0x00000000400850d9        0x0 
 *fill*         0x00000000400850d9        0x0 
 *fill*         0x00000000400850d9        0x0 
 *fill*         0x00000000400850d9        0x0 
 *libesp32.a:panic.o(.literal .text .literal.* .text.*)
 *fill*         0x00000000400850d9        0x3 
 .text.panicPutChar
                0x00000000400850dc       0x1e /home/penguin/Programio/blizzard-esp/build/esp32/libesp32.a(panic.o)
 *fill*         0x00000000400850fa        0x2 
 .text.panicPutStr
                0x00000000400850fc       0x1a /home/penguin/Programio/blizzard-esp/build/esp32/libesp32.a(panic.o)
 *fill*         0x0000000040085116        0x2 
 .text.panicPutHex
                0x0000000040085118       0x2c /home/penguin/Programio/blizzard-esp/build/esp32/libesp32.a(panic.o)
                                         0x2f (size before relaxing)
 *fill*         0x0000000040085144        0x0 
 .text.panicPutDec
                0x0000000040085144       0x3c /home/penguin/Programio/blizzard-esp/build/esp32/libesp32.a(panic.o)
                                         0x46 (size before relaxing)
 *fill*         0x0000000040085180        0x0 
 .text.reconfigureAllWdts
                0x0000000040085180       0xa8 /home/penguin/Programio/blizzard-esp/build/esp32/libesp32.a(panic.o)
 .text.putEntry
                0x0000000040085228       0x2b /home/penguin/Programio/blizzard-esp/build/esp32/libesp32.a(panic.o)
                                         0x37 (size before relaxing)
 *fill*         0x0000000040085253        0x1 
 .text.doBacktrace
                0x0000000040085254       0x71 /home/penguin/Programio/blizzard-esp/build/esp32/libesp32.a(panic.o)
                                         0x78 (size before relaxing)
 *fill*         0x00000000400852c5        0x3 
 .text.invoke_abort
                0x00000000400852c8       0x1d /home/penguin/Programio/blizzard-esp/build/esp32/libesp32.a(panic.o)
 *fill*         0x00000000400852e5        0x3 
 .text.haltOtherCore
                0x00000000400852e8       0x18 /home/penguin/Programio/blizzard-esp/build/esp32/libesp32.a(panic.o)
 .text.esp_panic_wdt_start
                0x0000000040085300       0x84 /home/penguin/Programio/blizzard-esp/build/esp32/libesp32.a(panic.o)
                                         0x88 (size before relaxing)
 .text.esp_panic_dig_reset
                0x0000000040085384       0x33 /home/penguin/Programio/blizzard-esp/build/esp32/libesp32.a(panic.o)
                                         0x37 (size before relaxing)
 *fill*         0x00000000400853b7        0x1 
 .text.abort    0x00000000400853b8       0x2a /home/penguin/Programio/blizzard-esp/build/esp32/libesp32.a(panic.o)
                                         0x2d (size before relaxing)
                0x00000000400853b8                abort
 *fill*         0x00000000400853e2        0x2 
 .text.vApplicationStackOverflowHook
                0x00000000400853e4       0x17 /home/penguin/Programio/blizzard-esp/build/esp32/libesp32.a(panic.o)
                                         0x23 (size before relaxing)
                0x00000000400853e4                vApplicationStackOverflowHook
 *fill*         0x00000000400853fb        0x1 
 .text.esp_panic_wdt_stop
                0x00000000400853fc       0x44 /home/penguin/Programio/blizzard-esp/build/esp32/libesp32.a(panic.o)
                0x00000000400853fc                esp_panic_wdt_stop
 .text.commonErrorHandler
                0x0000000040085440       0x87 /home/penguin/Programio/blizzard-esp/build/esp32/libesp32.a(panic.o)
                                         0xae (size before relaxing)
 *fill*         0x00000000400854c7        0x1 
 .text.panicHandler
                0x00000000400854c8       0xd3 /home/penguin/Programio/blizzard-esp/build/esp32/libesp32.a(panic.o)
                                         0xfa (size before relaxing)
                0x00000000400854c8                panicHandler
 *fill*         0x000000004008559b        0x1 
 .text.xt_unhandled_exception
                0x000000004008559c       0x6b /home/penguin/Programio/blizzard-esp/build/esp32/libesp32.a(panic.o)
                                         0x91 (size before relaxing)
                0x000000004008559c                xt_unhandled_exception
 *fill*         0x0000000040085607        0x1 
 .text.esp_set_breakpoint_if_jtag
                0x0000000040085608        0xf /home/penguin/Programio/blizzard-esp/build/esp32/libesp32.a(panic.o)
                                         0x16 (size before relaxing)
                0x0000000040085608                esp_set_breakpoint_if_jtag
 *fill*         0x0000000040085617        0x1 
 .text._esp_error_check_failed
                0x0000000040085618       0x3c /home/penguin/Programio/blizzard-esp/build/esp32/libesp32.a(panic.o)
                                         0x43 (size before relaxing)
                0x0000000040085618                _esp_error_check_failed
 *fill*         0x0000000040085654        0x0 
 *fill*         0x0000000040085654        0x0 
 *fill*         0x0000000040085654        0x0 
 *fill*         0x0000000040085654        0x0 
 .text.setFirstBreakpoint
                0x0000000040085654       0x13 /home/penguin/Programio/blizzard-esp/build/esp32/libesp32.a(panic.o)
 *fill*         0x0000000040085667        0x0 
 *fill*         0x0000000040085667        0x0 
 *fill*         0x0000000040085667        0x0 
 *fill*         0x0000000040085667        0x0 
 *fill*         0x0000000040085667        0x0 
 *fill*         0x0000000040085667        0x0 
 *fill*         0x0000000040085667        0x0 
 *fill*         0x0000000040085667        0x0 
 *fill*         0x0000000040085667        0x0 
 *fill*         0x0000000040085667        0x0 
 *libesp32.a:core_dump.o(.literal .text .literal.* .text.*)
 *libesp32.a:heap_alloc_caps.o(.literal .text .literal.* .text.*)
 *fill*         0x0000000040085667        0x1 
 .text.disable_mem_region
                0x0000000040085668       0xe2 /home/penguin/Programio/blizzard-esp/build/esp32/libesp32.a(heap_alloc_caps.o)
 *fill*         0x000000004008574a        0x2 
 .text.dram_alloc_to_iram_addr
                0x000000004008574c       0x83 /home/penguin/Programio/blizzard-esp/build/esp32/libesp32.a(heap_alloc_caps.o)
                                         0x8b (size before relaxing)
 *fill*         0x00000000400857cf        0x1 
 .text.heap_alloc_enable_nonos_stack_tag
                0x00000000400857d0        0xd /home/penguin/Programio/blizzard-esp/build/esp32/libesp32.a(heap_alloc_caps.o)
                0x00000000400857d0                heap_alloc_enable_nonos_stack_tag
 *fill*         0x00000000400857dd        0x3 
 .text.heap_alloc_caps_init
                0x00000000400857e0       0xc4 /home/penguin/Programio/blizzard-esp/build/esp32/libesp32.a(heap_alloc_caps.o)
                                         0xdc (size before relaxing)
                0x00000000400857e0                heap_alloc_caps_init
 .text.vPortFree
                0x00000000400858a4       0x22 /home/penguin/Programio/blizzard-esp/build/esp32/libesp32.a(heap_alloc_caps.o)
                                         0x26 (size before relaxing)
                0x00000000400858a4                vPortFree
 *fill*         0x00000000400858c6        0x2 
 .text.pvPortMallocCaps
                0x00000000400858c8       0xc9 /home/penguin/Programio/blizzard-esp/build/esp32/libesp32.a(heap_alloc_caps.o)
                                         0xcd (size before relaxing)
                0x00000000400858c8                pvPortMallocCaps
 *fill*         0x0000000040085991        0x3 
 .text.pvPortMalloc
                0x0000000040085994       0x11 /home/penguin/Programio/blizzard-esp/build/esp32/libesp32.a(heap_alloc_caps.o)
                0x0000000040085994                pvPortMalloc
 *fill*         0x00000000400859a5        0x0 
 *fill*         0x00000000400859a5        0x0 
 *fill*         0x00000000400859a5        0x0 
 *fill*         0x00000000400859a5        0x0 
 *fill*         0x00000000400859a5        0x0 
 *fill*         0x00000000400859a5        0x0 
 *libesp32.a:app_trace.o(.literal .text .literal.* .text.*)
 *libphy.a:(.literal .text .literal.* .text.*)
 *librtc.a:(.literal .text .literal.* .text.*)
 *libsoc.a:(.literal .text .literal.* .text.*)
 *fill*         0x00000000400859a5        0x3 
 .text.rtc_clk_32k_enable_internal
                0x00000000400859a8       0x81 /home/penguin/Programio/blizzard-esp/build/soc/libsoc.a(rtc_clk.o)
 *fill*         0x0000000040085a29        0x3 
 .text.rtc_clk_32k_enable
                0x0000000040085a2c       0x2d /home/penguin/Programio/blizzard-esp/build/soc/libsoc.a(rtc_clk.o)
                0x0000000040085a2c                rtc_clk_32k_enable
 *fill*         0x0000000040085a59        0x3 
 .text.rtc_clk_slow_freq_set
                0x0000000040085a5c       0x27 /home/penguin/Programio/blizzard-esp/build/soc/libsoc.a(rtc_clk.o)
                0x0000000040085a5c                rtc_clk_slow_freq_set
 *fill*         0x0000000040085a83        0x1 
 .text.rtc_clk_slow_freq_get
                0x0000000040085a84       0x10 /home/penguin/Programio/blizzard-esp/build/soc/libsoc.a(rtc_clk.o)
                0x0000000040085a84                rtc_clk_slow_freq_get
 .text.rtc_clk_slow_freq_get_hz
                0x0000000040085a94       0x29 /home/penguin/Programio/blizzard-esp/build/soc/libsoc.a(rtc_clk.o)
                0x0000000040085a94                rtc_clk_slow_freq_get_hz
 *fill*         0x0000000040085abd        0x3 
 .text.rtc_clk_fast_freq_set
                0x0000000040085ac0       0x2a /home/penguin/Programio/blizzard-esp/build/soc/libsoc.a(rtc_clk.o)
                0x0000000040085ac0                rtc_clk_fast_freq_set
 *fill*         0x0000000040085aea        0x2 
 .text.rtc_clk_bbpll_set
                0x0000000040085aec      0x154 /home/penguin/Programio/blizzard-esp/build/soc/libsoc.a(rtc_clk.o)
                                        0x15c (size before relaxing)
                0x0000000040085aec                rtc_clk_bbpll_set
 .text.rtc_clk_xtal_freq_get
                0x0000000040085c40       0x38 /home/penguin/Programio/blizzard-esp/build/soc/libsoc.a(rtc_clk.o)
                                         0x40 (size before relaxing)
                0x0000000040085c40                rtc_get_xtal