Archive member included to satisfy reference by file (symbol)

/home/penguin/Programio/blizzard-esp/build/cxx/libcxx.a(cxx_guards.o)
                              (__cxa_guard_dummy)
/home/penguin/Programio/blizzard-esp/build/esp32/libesp32.a(panic.o)
                              /home/penguin/Programio/blizzard-esp/build/cxx/libcxx.a(cxx_guards.o) (abort)
/home/penguin/Programio/blizzard-esp/build/esp32/libesp32.a(cache_err_int.o)
                              /home/penguin/Programio/blizzard-esp/build/esp32/libesp32.a(panic.o) (esp_cache_err_get_cpuid)
/home/penguin/Programio/blizzard-esp/build/esp32/libesp32.a(gdbstub.o)
                              /home/penguin/Programio/blizzard-esp/build/esp32/libesp32.a(panic.o) (esp_gdbstub_panic_handler)
/home/penguin/Programio/blizzard-esp/build/esp32/libesp32.a(cpu_start.o)
                              (call_start_cpu0)
/home/penguin/Programio/blizzard-esp/build/esp32/libesp32.a(ipc.o)
                              /home/penguin/Programio/blizzard-esp/build/esp32/libesp32.a(cpu_start.o) (esp_ipc_init)
/home/penguin/Programio/blizzard-esp/build/esp32/libesp32.a(heap_alloc_caps.o)
                              /home/penguin/Programio/blizzard-esp/build/esp32/libesp32.a(cpu_start.o) (heap_alloc_enable_nonos_stack_tag)
/home/penguin/Programio/blizzard-esp/build/esp32/libesp32.a(dport_access.o)
                              /home/penguin/Programio/blizzard-esp/build/esp32/libesp32.a(panic.o) (esp_dport_access_int_deinit)
/home/penguin/Programio/blizzard-esp/build/esp32/libesp32.a(crosscore_int.o)
                              /home/penguin/Programio/blizzard-esp/build/esp32/libesp32.a(cpu_start.o) (esp_crosscore_int_init)
/home/penguin/Programio/blizzard-esp/build/esp32/libesp32.a(clk.o)
                              /home/penguin/Programio/blizzard-esp/build/esp32/libesp32.a(cpu_start.o) (esp_clk_init)
/home/penguin/Programio/blizzard-esp/build/esp32/libesp32.a(intr_alloc.o)
                              /home/penguin/Programio/blizzard-esp/build/esp32/libesp32.a(crosscore_int.o) (esp_intr_alloc)
/home/penguin/Programio/esp-idf/components/esp32/libhal.a(int_asm--set_intclear.o)
                              /home/penguin/Programio/blizzard-esp/build/esp32/libesp32.a(intr_alloc.o) (xthal_set_intclear)
/home/penguin/Programio/blizzard-esp/build/freertos/libfreertos.a(xtensa_intr.o)
                              /home/penguin/Programio/blizzard-esp/build/esp32/libesp32.a(intr_alloc.o) (xt_unhandled_interrupt)
/home/penguin/Programio/blizzard-esp/build/freertos/libfreertos.a(queue.o)
                              /home/penguin/Programio/blizzard-esp/build/esp32/libesp32.a(ipc.o) (xQueueGenericCreate)
/home/penguin/Programio/blizzard-esp/build/freertos/libfreertos.a(list.o)
                              /home/penguin/Programio/blizzard-esp/build/freertos/libfreertos.a(queue.o) (vListInitialise)
/home/penguin/Programio/blizzard-esp/build/freertos/libfreertos.a(port.o)
                              /home/penguin/Programio/blizzard-esp/build/freertos/libfreertos.a(queue.o) (vPortCPUInitializeMutex)
/home/penguin/Programio/blizzard-esp/build/freertos/libfreertos.a(heap_regions.o)
                              /home/penguin/Programio/blizzard-esp/build/esp32/libesp32.a(heap_alloc_caps.o) (pvPortMallocTagged)
/home/penguin/Programio/blizzard-esp/build/freertos/libfreertos.a(tasks.o)
                              /home/penguin/Programio/blizzard-esp/build/freertos/libfreertos.a(queue.o) (vTaskSetTimeOutState)
/home/penguin/Programio/blizzard-esp/build/freertos/libfreertos.a(timers.o)
                              /home/penguin/Programio/blizzard-esp/build/freertos/libfreertos.a(tasks.o) (xTimerCreateTimerTask)
/home/penguin/Programio/blizzard-esp/build/freertos/libfreertos.a(FreeRTOS-openocd.o)
                              (uxTopUsedPriority)
/home/penguin/Programio/blizzard-esp/build/freertos/libfreertos.a(xtensa_context.o)
                              /home/penguin/Programio/blizzard-esp/build/freertos/libfreertos.a(port.o) (_xt_coproc_init)
/home/penguin/Programio/blizzard-esp/build/freertos/libfreertos.a(portasm.o)
                              /home/penguin/Programio/blizzard-esp/build/esp32/libesp32.a(crosscore_int.o) (_frxt_setup_switch)
/home/penguin/Programio/blizzard-esp/build/freertos/libfreertos.a(xtensa_vectors.o)
                              /home/penguin/Programio/blizzard-esp/build/freertos/libfreertos.a(port.o) (_xt_user_exit)
/home/penguin/Programio/blizzard-esp/build/freertos/libfreertos.a(xtensa_intr_asm.o)
                              /home/penguin/Programio/blizzard-esp/build/esp32/libesp32.a(intr_alloc.o) (_xt_interrupt_table)
/home/penguin/Programio/blizzard-esp/build/freertos/libfreertos.a(xtensa_init.o)
                              /home/penguin/Programio/blizzard-esp/build/freertos/libfreertos.a(port.o) (_xt_tick_divisor_init)
/home/penguin/Programio/blizzard-esp/build/log/liblog.a(log.o)
[...]
Memory Configuration

Name             Origin             Length             Attributes
iram0_0_seg      0x0000000040080000 0x0000000000020000 xr
iram0_2_seg      0x00000000400d0018 0x0000000000330000 xr
dram0_0_seg      0x000000003ffc0000 0x0000000000040000 rw
drom0_0_seg      0x000000003f400010 0x0000000000800000 r
rtc_iram_seg     0x00000000400c0000 0x0000000000002000 xrw
rtc_slow_seg     0x0000000050000000 0x0000000000001000 rw
*default*        0x0000000000000000 0xffffffffffffffff

Linker script and memory map

START GROUP
LOAD /home/penguin/Programio/blizzard-esp/build/app_trace/libapp_trace.a
LOAD /home/penguin/Programio/blizzard-esp/build/app_update/libapp_update.a
LOAD /home/penguin/Programio/blizzard-esp/build/arduino/libarduino.a
LOAD /home/penguin/Programio/blizzard-esp/build/bootloader_support/libbootloader_support.a
LOAD /home/penguin/Programio/blizzard-esp/build/bt/libbt.a
LOAD /home/penguin/Programio/esp-idf/components/bt/lib/libbtdm_app.a
LOAD /home/penguin/Programio/blizzard-esp/build/coap/libcoap.a
LOAD /home/penguin/Programio/blizzard-esp/build/cxx/libcxx.a
LOAD /home/penguin/Programio/blizzard-esp/build/driver/libdriver.a
LOAD /home/penguin/Programio/blizzard-esp/build/esp32/libesp32.a
LOAD /home/penguin/Programio/esp-idf/components/esp32/libhal.a
LOAD /home/penguin/Programio/esp-idf/components/esp32/lib/libcore.a
LOAD /home/penguin/Programio/esp-idf/components/esp32/lib/librtc.a
LOAD /home/penguin/Programio/esp-idf/components/esp32/lib/libphy.a
LOAD /home/penguin/Programio/esp-idf/components/esp32/lib/libcoexist.a
LOAD /home/penguin/Programio/esp-idf/components/esp32/lib/libnet80211.a
LOAD /home/penguin/Programio/esp-idf/components/esp32/lib/libpp.a
LOAD /home/penguin/Programio/esp-idf/components/esp32/lib/libwpa.a
LOAD /home/penguin/Programio/esp-idf/components/esp32/lib/libsmartconfig.a
LOAD /home/penguin/Programio/esp-idf/components/esp32/lib/libcoexist.a
LOAD /home/penguin/Programio/esp-idf/components/esp32/lib/libwps.a
LOAD /home/penguin/Programio/esp-idf/components/esp32/lib/libwpa2.a
LOAD /home/penguin/Programio/blizzard-esp/build/ethernet/libethernet.a
LOAD /home/penguin/Programio/blizzard-esp/build/expat/libexpat.a
LOAD /home/penguin/Programio/blizzard-esp/build/fatfs/libfatfs.a
LOAD /home/penguin/Programio/blizzard-esp/build/freertos/libfreertos.a
LOAD /home/penguin/Programio/blizzard-esp/build/jsmn/libjsmn.a
LOAD /home/penguin/Programio/blizzard-esp/build/json/libjson.a
LOAD /home/penguin/Programio/blizzard-esp/build/libsodium/liblibsodium.a
LOAD /home/penguin/Programio/blizzard-esp/build/log/liblog.a
LOAD /home/penguin/Programio/blizzard-esp/build/lwip/liblwip.a
LOAD /home/penguin/Programio/blizzard-esp/build/mbedtls/libmbedtls.a
LOAD /home/penguin/Programio/blizzard-esp/build/mdns/libmdns.a
LOAD /home/penguin/Programio/blizzard-esp/build/micro-ecc/libmicro-ecc.a
LOAD /home/penguin/Programio/esp-idf/components/newlib/lib/libc.a
LOAD /home/penguin/Programio/esp-idf/components/newlib/lib/libm.a
LOAD /home/penguin/Programio/blizzard-esp/build/newlib/libnewlib.a
LOAD /home/penguin/Programio/blizzard-esp/build/nghttp/libnghttp.a
LOAD /home/penguin/Programio/blizzard-esp/build/nvs_flash/libnvs_flash.a
LOAD /home/penguin/Programio/blizzard-esp/build/openssl/libopenssl.a
LOAD /home/penguin/Programio/blizzard-esp/build/sdmmc/libsdmmc.a
LOAD /home/penguin/Programio/blizzard-esp/build/soc/libsoc.a
LOAD /home/penguin/Programio/blizzard-esp/build/spi_flash/libspi_flash.a
LOAD /home/penguin/Programio/blizzard-esp/build/tcpip_adapter/libtcpip_adapter.a
LOAD /home/penguin/Programio/blizzard-esp/build/ulp/libulp.a
LOAD /home/penguin/Programio/blizzard-esp/build/vfs/libvfs.a
LOAD /home/penguin/Programio/blizzard-esp/build/wear_levelling/libwear_levelling.a
LOAD /home/penguin/Programio/blizzard-esp/build/wpa_supplicant/libwpa_supplicant.a
LOAD /home/penguin/Programio/blizzard-esp/build/xtensa-debug-module/libxtensa-debug-module.a
LOAD /home/penguin/Programio/blizzard-esp/build/main/libmain.a
LOAD /home/penguin/Programio/xtensa-esp32-elf/bin/../lib/gcc/xtensa-esp32-elf/5.2.0/libgcc.a
LOAD /home/penguin/Programio/xtensa-esp32-elf/bin/../lib/gcc/xtensa-esp32-elf/5.2.0/../../../../xtensa-esp32-elf/lib/libstdc++.a
END GROUP
                0x0000000040000000                _heap_end = 0x40000000

.rtc.text       0x00000000400c0000        0x0
                0x00000000400c0000                . = ALIGN (0x4)
 *(.rtc.literal .rtc.text)
 *rtc_wake_stub*.o(.literal .text .literal.* .text.*)

.rtc.data       0x0000000050000000        0x0
                0x0000000050000000                _rtc_data_start = ABSOLUTE (.)
 *(.rtc.data)
 *(.rtc.rodata)
 *rtc_wake_stub*.o(.data .rodata .data.* .rodata.* .bss .bss.*)
                0x0000000050000000                _rtc_data_end = ABSOLUTE (.)

.rtc.bss        0x0000000050000000        0x0
                0x0000000050000000                _rtc_bss_start = ABSOLUTE (.)
 *rtc_wake_stub*.o(.bss .bss.*)
 *rtc_wake_stub*.o(COMMON)
                0x0000000050000000                _rtc_bss_end = ABSOLUTE (.)

.iram0.vectors  0x0000000040080000      0x400
                0x0000000040080000                _init_start = ABSOLUTE (.)
                0x0000000000000000                . = 0x0
 *(.WindowVectors.text)
 .WindowVectors.text
                0x0000000040080000      0x16a /home/penguin/Programio/blizzard-esp/build/freertos/libfreertos.a(xtensa_vectors.o)
                0x0000000040080000                _WindowOverflow4
                0x0000000040080040                _WindowUnderflow4
                0x0000000040080050                _xt_alloca_exc
                0x0000000040080080                _WindowOverflow8
                0x00000000400800c0                _WindowUnderflow8
                0x0000000040080100                _WindowOverflow12
                0x0000000040080140                _WindowUnderflow12
                0x0000000000000180                . = 0x180
 *fill*         0x000000004008016a       0x16 
 *(.Level2InterruptVector.text)
 .Level2InterruptVector.text
                0x0000000040080180        0x6 /home/penguin/Programio/blizzard-esp/build/freertos/libfreertos.a(xtensa_vectors.o)
                0x0000000040080180                _Level2Vector
                0x00000000000001c0                . = 0x1c0
 *fill*         0x0000000040080186       0x3a 
 *(.Level3InterruptVector.text)
 .Level3InterruptVector.text
                0x00000000400801c0        0x6 /home/penguin/Programio/blizzard-esp/build/freertos/libfreertos.a(xtensa_vectors.o)
                0x00000000400801c0                _Level3Vector
                0x0000000000000200                . = 0x200
 *fill*         0x00000000400801c6       0x3a 
 *(.Level4InterruptVector.text)
 .Level4InterruptVector.text
                0x0000000040080200        0x6 /home/penguin/Programio/blizzard-esp/build/freertos/libfreertos.a(xtensa_vectors.o)
                0x0000000040080200                _Level4Vector
                0x0000000000000240                . = 0x240
 *fill*         0x0000000040080206       0x3a 
 *(.Level5InterruptVector.text)
 .Level5InterruptVector.text
                0x0000000040080240        0x6 /home/penguin/Programio/blizzard-esp/build/freertos/libfreertos.a(xtensa_vectors.o)
                0x0000000040080240                _Level5Vector
                0x0000000000000280                . = 0x280
 *fill*         0x0000000040080246       0x3a 
 *(.DebugExceptionVector.text)
 .DebugExceptionVector.text
                0x0000000040080280        0xf /home/penguin/Programio/blizzard-esp/build/freertos/libfreertos.a(xtensa_vectors.o)
                0x0000000040080280                _DebugExceptionVector
                0x00000000000002c0                . = 0x2c0
 *fill*         0x000000004008028f       0x31 
 *(.NMIExceptionVector.text)
 .NMIExceptionVector.text
                0x00000000400802c0        0x6 /home/penguin/Programio/blizzard-esp/build/freertos/libfreertos.a(xtensa_vectors.o)
                0x00000000400802c0                _NMIExceptionVector
                0x0000000000000300                . = 0x300
 *fill*         0x00000000400802c6       0x3a 
 *(.KernelExceptionVector.text)
 .KernelExceptionVector.text
                0x0000000040080300        0x6 /home/penguin/Programio/blizzard-esp/build/freertos/libfreertos.a(xtensa_vectors.o)
                0x0000000040080300                _KernelExceptionVector
                0x0000000000000340                . = 0x340
 *fill*         0x0000000040080306       0x3a 
 *(.UserExceptionVector.text)
 .UserExceptionVector.text
                0x0000000040080340        0x6 /home/penguin/Programio/blizzard-esp/build/freertos/libfreertos.a(xtensa_vectors.o)
                0x0000000040080340                _UserExceptionVector
                0x00000000000003c0                . = 0x3c0
 *fill*         0x0000000040080346       0x7a 
 *(.DoubleExceptionVector.text)
 .DoubleExceptionVector.text
                0x00000000400803c0        0xf /home/penguin/Programio/blizzard-esp/build/freertos/libfreertos.a(xtensa_vectors.o)
                0x00000000400803c0                _DoubleExceptionVector
                0x0000000000000400                . = 0x400
 *fill*         0x00000000400803cf       0x31 
 *(.*Vector.literal)
 *(.UserEnter.literal)
 *(.UserEnter.text)
                0x0000000040080400                . = ALIGN (0x10)
 *(.entry.text)
 *(.init.literal)
 *(.init)
                0x0000000040080400                _init_end = ABSOLUTE (.)
                0x0000000000000000                _iram_start = 0x0

.iram0.text     0x0000000040080400     0x6275
                0x0000000040080400                _iram_text_start = ABSOLUTE (.)
 *(.iram1 .iram1.*)
 .iram1.literal
                0x0000000040080400        0xc /home/penguin/Programio/blizzard-esp/build/esp32/libesp32.a(cache_err_int.o)
 .iram1.literal
                0x000000004008040c       0x60 /home/penguin/Programio/blizzard-esp/build/esp32/libesp32.a(cpu_start.o)
                                         0xb4 (size before relaxing)
 .iram1.literal
                0x000000004008046c       0x14 /home/penguin/Programio/blizzard-esp/build/esp32/libesp32.a(ipc.o)
                                         0x24 (size before relaxing)
 .iram1.literal
                0x0000000040080480       0x10 /home/penguin/Programio/blizzard-esp/build/esp32/libesp32.a(crosscore_int.o)
                                         0x30 (size before relaxing)
 .iram1.literal
                0x0000000040080490        0x8 /home/penguin/Programio/blizzard-esp/build/esp32/libesp32.a(clk.o)
 .iram1.literal
                0x0000000040080498       0x10 /home/penguin/Programio/blizzard-esp/build/esp32/libesp32.a(intr_alloc.o)
                                         0x5c (size before relaxing)
 .iram1.literal
                0x00000000400804a8       0x60 /home/penguin/Programio/blizzard-esp/build/freertos/libfreertos.a(xtensa_vectors.o)
                                         0x7c (size before relaxing)
 .iram1.literal
                0x0000000040080508       0x28 /home/penguin/Programio/blizzard-esp/build/log/liblog.a(log.o)
                                         0x48 (size before relaxing)
 .iram1.literal
                0x0000000040080530       0x2c /home/penguin/Programio/blizzard-esp/build/newlib/libnewlib.a(time.o)
                                         0x44 (size before relaxing)
 .iram1.literal
                0x000000004008055c        0x8 /home/penguin/Programio/blizzard-esp/build/newlib/libnewlib.a(reent_init.o)
                                         0x10 (size before relaxing)
 .iram1.literal
                0x0000000040080564        0x0 /home/penguin/Programio/blizzard-esp/build/newlib/libnewlib.a(syscalls.o)
                                         0x1c (size before relaxing)
 .iram1.literal
                0x0000000040080564       0x18 /home/penguin/Programio/blizzard-esp/build/newlib/libnewlib.a(locks.o)
                                         0x84 (size before relaxing)
 .iram1.literal
                0x000000004008057c       0x1c /home/penguin/Programio/blizzard-esp/build/soc/libsoc.a(cpu_util.o)
                                         0x2c (size before relaxing)
 .iram1.literal
                0x0000000040080598       0x14 /home/penguin/Programio/blizzard-esp/build/spi_flash/libspi_flash.a(cache_utils.o)
                                         0x40 (size before relaxing)
 .iram1.literal
                0x00000000400805ac       0x30 /home/penguin/Programio/blizzard-esp/build/spi_flash/libspi_flash.a(flash_ops.o)
                                         0xb8 (size before relaxing)
 .iram1.literal
                0x00000000400805dc       0x34 /home/penguin/Programio/blizzard-esp/build/spi_flash/libspi_flash.a(flash_mmap.o)
                                         0x74 (size before relaxing)
 .iram1.literal
                0x0000000040080610       0x18 /home/penguin/Programio/blizzard-esp/build/vfs/libvfs.a(vfs_uart.o)
                                         0x48 (size before relaxing)
 .iram1.literal
                0x0000000040080628        0x4 /home/penguin/Programio/blizzard-esp/build/esp32/libesp32.a(freertos_hooks.o)
 .literal.xt_unhandled_interrupt
                0x000000004008062c        0x4 /home/penguin/Programio/blizzard-esp/build/freertos/libfreertos.a(xtensa_intr.o)
                                          0x8 (size before relaxing)
 .literal.xt_set_interrupt_handler
                0x0000000040080630        0x8 /home/penguin/Programio/blizzard-esp/build/freertos/libfreertos.a(xtensa_intr.o)
                                          0xc (size before relaxing)
 .literal.prvCopyDataToQueue
                0x0000000040080638        0x0 /home/penguin/Programio/blizzard-esp/build/freertos/libfreertos.a(queue.o)
                                          0xc (size before relaxing)
 .literal.prvCopyDataFromQueue
                0x0000000040080638        0x0 /home/penguin/Programio/blizzard-esp/build/freertos/libfreertos.a(queue.o)
                                          0x4 (size before relaxing)
 .literal.prvNotifyQueueSetContainer
                0x0000000040080638       0x14 /home/penguin/Programio/blizzard-esp/build/freertos/libfreertos.a(queue.o)
                                         0x24 (size before relaxing)
 .literal.xQueueGenericReset
                0x000000004008064c        0x4 /home/penguin/Programio/blizzard-esp/build/freertos/libfreertos.a(queue.o)
                                         0x30 (size before relaxing)
 .literal.xQueueGenericCreate
                0x0000000040080650        0x4 /home/penguin/Programio/blizzard-esp/build/freertos/libfreertos.a(queue.o)
                                         0x1c (size before relaxing)
 .literal.xQueueGetMutexHolder
                0x0000000040080654        0x0 /home/penguin/Programio/blizzard-esp/build/freertos/libfreertos.a(queue.o)
                                          0x8 (size before relaxing)
 .literal.xQueueGenericSend
                0x0000000040080654        0x4 /home/penguin/Programio/blizzard-esp/build/freertos/libfreertos.a(queue.o)
                                         0x60 (size before relaxing)
 .literal.xQueueCreateMutex
                0x0000000040080658        0x0 /home/penguin/Programio/blizzard-esp/build/freertos/libfreertos.a(queue.o)
                                          0xc (size before relaxing)
 .literal.xQueueGiveMutexRecursive
                0x0000000040080658        0x4 /home/penguin/Programio/blizzard-esp/build/freertos/libfreertos.a(queue.o)
                                         0x1c (size before relaxing)
 .literal.xQueueGenericSendFromISR
                0x000000004008065c        0x8 /home/penguin/Programio/blizzard-esp/build/freertos/libfreertos.a(queue.o)
                                         0x2c (size before relaxing)
 .literal.xQueueGiveFromISR
                0x0000000040080664        0x4 /home/penguin/Programio/blizzard-esp/build/freertos/libfreertos.a(queue.o)
                                         0x28 (size before relaxing)
 .literal.xQueueGenericReceive
                0x0000000040080668        0x4 /home/penguin/Programio/blizzard-esp/build/freertos/libfreertos.a(queue.o)
                                         0x60 (size before relaxing)
 .literal.xQueueTakeMutexRecursive
                0x000000004008066c        0x4 /home/penguin/Programio/blizzard-esp/build/freertos/libfreertos.a(queue.o)
                                         0x1c (size before relaxing)
 .literal.xQueueReceiveFromISR
                0x0000000040080670        0x4 /home/penguin/Programio/blizzard-esp/build/freertos/libfreertos.a(queue.o)
                                         0x28 (size before relaxing)
 .literal.uxQueueSpacesAvailable
                0x0000000040080674        0x4 /home/penguin/Programio/blizzard-esp/build/freertos/libfreertos.a(queue.o)
                                         0x1c (size before relaxing)
 .literal.vQueueDelete
                0x0000000040080678        0x4 /home/penguin/Programio/blizzard-esp/build/freertos/libfreertos.a(queue.o)
                                         0x18 (size before relaxing)
 .literal.vQueueWaitForMessageRestricted
                0x000000004008067c        0x0 /home/penguin/Programio/blizzard-esp/build/freertos/libfreertos.a(queue.o)
                                          0xc (size before relaxing)
 .literal.pxPortInitialiseStack
                0x000000004008067c        0x4 /home/penguin/Programio/blizzard-esp/build/freertos/libfreertos.a(port.o)
                                          0x8 (size before relaxing)
 .literal.xPortStartScheduler
                0x0000000040080680        0x4 /home/penguin/Programio/blizzard-esp/build/freertos/libfreertos.a(port.o)
                                         0x14 (size before relaxing)
 .literal.xPortSysTickHandler
                0x0000000040080684        0x0 /home/penguin/Programio/blizzard-esp/build/freertos/libfreertos.a(port.o)
                                          0x8 (size before relaxing)
 .literal.vPortYieldOtherCore
                0x0000000040080684        0x0 /home/penguin/Programio/blizzard-esp/build/freertos/libfreertos.a(port.o)
                                          0x4 (size before relaxing)
 .literal.vPortReleaseTaskMPUSettings
                0x0000000040080684        0x0 /home/penguin/Programio/blizzard-esp/build/freertos/libfreertos.a(port.o)
                                          0x4 (size before relaxing)
 .literal.xPortInIsrContext
                0x0000000040080684        0x4 /home/penguin/Programio/blizzard-esp/build/freertos/libfreertos.a(port.o)
                                          0x8 (size before relaxing)
 .literal.vPortCPUInitializeMutex
                0x0000000040080688        0x4 /home/penguin/Programio/blizzard-esp/build/freertos/libfreertos.a(port.o)
 .literal.vPortFirstTaskHook
                0x000000004008068c        0x0 /home/penguin/Programio/blizzard-esp/build/freertos/libfreertos.a(port.o)
                                          0x4 (size before relaxing)
 .literal.prvInsertBlockIntoFreeList
                0x000000004008068c       0x14 /home/penguin/Programio/blizzard-esp/build/freertos/libfreertos.a(heap_regions.o)
 .literal.pvPortMallocTagged
                0x00000000400806a0       0x20 /home/penguin/Programio/blizzard-esp/build/freertos/libfreertos.a(heap_regions.o)
                                         0x44 (size before relaxing)
 .literal.vPortFreeTagged
                0x00000000400806c0        0x8 /home/penguin/Programio/blizzard-esp/build/freertos/libfreertos.a(heap_regions.o)
                                         0x2c (size before relaxing)
 .literal.vPortDefineHeapRegionsTagged
                0x00000000400806c8        0x4 /home/penguin/Programio/blizzard-esp/build/freertos/libfreertos.a(heap_regions.o)
                                         0x3c (size before relaxing)
 .literal.prvInitialiseNewTask
                0x00000000400806cc        0x0 /home/penguin/Programio/blizzard-esp/build/freertos/libfreertos.a(tasks.o)
                                         0x18 (size before relaxing)
 .literal.prvResetNextTaskUnblockTime
                0x00000000400806cc        0x8 /home/penguin/Programio/blizzard-esp/build/freertos/libfreertos.a(tasks.o)
 .literal.prvAddCurrentTaskToDelayedList
                0x00000000400806d4        0x8 /home/penguin/Programio/blizzard-esp/build/freertos/libfreertos.a(tasks.o)
                                         0x1c (size before relaxing)
 .literal.taskYIELD_OTHER_CORE
                0x00000000400806dc        0x0 /home/penguin/Programio/blizzard-esp/build/freertos/libfreertos.a(tasks.o)
                                          0xc (size before relaxing)
 .literal.vTaskSuspendAll
                0x00000000400806dc        0x4 /home/penguin/Programio/blizzard-esp/build/freertos/libfreertos.a(tasks.o)
                                          0x8 (size before relaxing)
 .literal.vTaskSwitchContext
                0x00000000400806e0       0x14 /home/penguin/Programio/blizzard-esp/build/freertos/libfreertos.a(tasks.o)
                                         0x30 (size before relaxing)
 .literal.vTaskSetTimeOutState
                0x00000000400806f4       0x14 /home/penguin/Programio/blizzard-esp/build/freertos/libfreertos.a(tasks.o)
                                         0x20 (size before relaxing)
 .literal.xTaskGetCurrentTaskHandle
                0x0000000040080708        0x0 /home/penguin/Programio/blizzard-esp/build/freertos/libfreertos.a(tasks.o)
                                          0x8 (size before relaxing)
 .literal.__getreent
                0x0000000040080708        0x0 /home/penguin/Programio/blizzard-esp/build/freertos/libfreertos.a(tasks.o)
                                          0x8 (size before relaxing)
 .literal.xTaskGetSchedulerState
                0x0000000040080708        0x4 /home/penguin/Programio/blizzard-esp/build/freertos/libfreertos.a(tasks.o)
                                          0xc (size before relaxing)
 .literal.vTaskEnterCritical
                0x000000004008070c        0x0 /home/penguin/Programio/blizzard-esp/build/freertos/libfreertos.a(tasks.o)
                                          0xc (size before relaxing)
 .literal.vTaskExitCritical
                0x000000004008070c        0x0 /home/penguin/Programio/blizzard-esp/build/freertos/libfreertos.a(tasks.o)
                                         0x10 (size before relaxing)
 .literal.prvAddNewTaskToReadyList
                0x000000004008070c       0x24 /home/penguin/Programio/blizzard-esp/build/freertos/libfreertos.a(tasks.o)
                                         0x8c (size before relaxing)
 .literal.xTaskCreatePinnedToCore
                0x0000000040080730        0x0 /home/penguin/Programio/blizzard-esp/build/freertos/libfreertos.a(tasks.o)
                                         0x14 (size before relaxing)
 .literal.vTaskStartScheduler
                0x0000000040080730       0x14 /home/penguin/Programio/blizzard-esp/build/freertos/libfreertos.a(tasks.o)
                                         0x38 (size before relaxing)
 .literal.vTaskDelete
                0x0000000040080744        0x8 /home/penguin/Programio/blizzard-esp/build/freertos/libfreertos.a(tasks.o)
                                         0x58 (size before relaxing)
 .literal.prvIdleTask
                0x000000004008074c        0x8 /home/penguin/Programio/blizzard-esp/build/freertos/libfreertos.a(tasks.o)
                                         0x4c (size before relaxing)
 .literal.xTaskGetTickCountFromISR
                0x0000000040080754        0x4 /home/penguin/Programio/blizzard-esp/build/freertos/libfreertos.a(tasks.o)
                                         0x10 (size before relaxing)
 .literal.xTaskGetTickCount
                0x0000000040080758        0x0 /home/penguin/Programio/blizzard-esp/build/freertos/libfreertos.a(tasks.o)
                                          0x4 (size before relaxing)
 .literal.xTaskIncrementTick
                0x0000000040080758        0xc /home/penguin/Programio/blizzard-esp/build/freertos/libfreertos.a(tasks.o)
                                         0x78 (size before relaxing)
 .literal.xTaskResumeAll
                0x0000000040080764        0xc /home/penguin/Programio/blizzard-esp/build/freertos/libfreertos.a(tasks.o)
                                         0x5c (size before relaxing)
 .literal.vTaskPlaceOnEventList
                0x0000000040080770        0x8 /home/penguin/Programio/blizzard-esp/build/freertos/libfreertos.a(tasks.o)
                                         0x40 (size before relaxing)
 .literal.vTaskPlaceOnEventListRestricted
                0x0000000040080778        0x8 /home/penguin/Programio/blizzard-esp/build/freertos/libfreertos.a(tasks.o)
                                         0x38 (size before relaxing)
 .literal.xTaskRemoveFromEventList
                0x0000000040080780        0x8 /home/penguin/Programio/blizzard-esp/build/freertos/libfreertos.a(tasks.o)
                                         0x54 (size before relaxing)
 .literal.xTaskCheckForTimeOut
                0x0000000040080788        0xc /home/penguin/Programio/blizzard-esp/build/freertos/libfreertos.a(tasks.o)
                                         0x34 (size before relaxing)
 .literal.vTaskPriorityInherit
                0x0000000040080794        0x0 /home/penguin/Programio/blizzard-esp/build/freertos/libfreertos.a(tasks.o)
                                         0x2c (size before relaxing)
 .literal.xTaskPriorityDisinherit
                0x0000000040080794        0x8 /home/penguin/Programio/blizzard-esp/build/freertos/libfreertos.a(tasks.o)
                                         0x40 (size before relaxing)
 .literal.pvTaskIncrementMutexHeldCount
                0x000000004008079c        0x0 /home/penguin/Programio/blizzard-esp/build/freertos/libfreertos.a(tasks.o)
                                         0x10 (size before relaxing)
 .literal.prvInsertTimerInActiveList
                0x000000004008079c        0x8 /home/penguin/Programio/blizzard-esp/build/freertos/libfreertos.a(timers.o)
                                          0xc (size before relaxing)
 .literal.prvCheckForValidListAndQueue
                0x00000000400807a4       0x1c /home/penguin/Programio/blizzard-esp/build/freertos/libfreertos.a(timers.o)
                                         0x44 (size before relaxing)
 .literal.xTimerCreateTimerTask
                0x00000000400807c0       0x10 /home/penguin/Programio/blizzard-esp/build/freertos/libfreertos.a(timers.o)
                                         0x2c (size before relaxing)
 .literal.xTimerGenericCommand
                0x00000000400807d0        0x0 /home/penguin/Programio/blizzard-esp/build/freertos/libfreertos.a(timers.o)
                                         0x10 (size before relaxing)
 .literal.prvSwitchTimerLists
                0x00000000400807d0        0x4 /home/penguin/Programio/blizzard-esp/build/freertos/libfreertos.a(timers.o)
                                         0x28 (size before relaxing)
 .literal.prvTimerTask
                0x00000000400807d4        0xc /home/penguin/Programio/blizzard-esp/build/freertos/libfreertos.a(timers.o)
                                         0x70 (size before relaxing)
 .literal       0x00000000400807e0        0x0 /home/penguin/Programio/blizzard-esp/build/freertos/libfreertos.a(xtensa_context.o)
                                         0x10 (size before relaxing)
 .literal       0x00000000400807e0       0x10 /home/penguin/Programio/blizzard-esp/build/freertos/libfreertos.a(portasm.o)
                                         0x54 (size before relaxing)
 .literal._xt_tick_divisor_init
                0x00000000400807f0        0x4 /home/penguin/Programio/blizzard-esp/build/freertos/libfreertos.a(xtensa_init.o)
                                          0x8 (size before relaxing)
 .literal.returnItemToRingbufDefault
                0x00000000400807f4        0xc /home/penguin/Programio/blizzard-esp/build/freertos/libfreertos.a(ringbuf.o)
                                         0x14 (size before relaxing)
 .literal.getItemFromRingbufDefault
                0x0000000040080800        0x4 /home/penguin/Programio/blizzard-esp/build/freertos/libfreertos.a(ringbuf.o)
                                         0x14 (size before relaxing)
 .literal.copyItemToRingbufNoSplit
                0x0000000040080804        0x4 /home/penguin/Programio/blizzard-esp/build/freertos/libfreertos.a(ringbuf.o)
                                         0x1c (size before relaxing)
 .literal.copyItemToRingbufByteBuf
                0x0000000040080808        0x0 /home/penguin/Programio/blizzard-esp/build/freertos/libfreertos.a(ringbuf.o)
                                          0x8 (size before relaxing)
 .literal.copyItemToRingbufAllowSplit
                0x0000000040080808        0x4 /home/penguin/Programio/blizzard-esp/build/freertos/libfreertos.a(ringbuf.o)
                                         0x24 (size before relaxing)
 .literal.returnItemToRingbufBytebuf
                0x000000004008080c        0x4 /home/penguin/Programio/blizzard-esp/build/freertos/libfreertos.a(ringbuf.o)
                                         0x14 (size before relaxing)
 .literal.xRingbufferCreate
                0x0000000040080810       0x20 /home/penguin/Programio/blizzard-esp/build/freertos/libfreertos.a(ringbuf.o)
                                         0x58 (size before relaxing)
 .literal.xRingbufferGetMaxItemSize
                0x0000000040080830        0x4 /home/penguin/Programio/blizzard-esp/build/freertos/libfreertos.a(ringbuf.o)
                                         0x14 (size before relaxing)
 .literal.xRingbufferSend
                0x0000000040080834        0x4 /home/penguin/Programio/blizzard-esp/build/freertos/libfreertos.a(ringbuf.o)
                                         0x38 (size before relaxing)
 .literal.xRingbufferSendFromISR
                0x0000000040080838        0x4 /home/penguin/Programio/blizzard-esp/build/freertos/libfreertos.a(ringbuf.o)
                                         0x24 (size before relaxing)
 .literal.xRingbufferReceiveFromISR
                0x000000004008083c        0x4 /home/penguin/Programio/blizzard-esp/build/freertos/libfreertos.a(ringbuf.o)
                                         0x1c (size before relaxing)
 .literal.vRingbufferReturnItemFromISR
                0x0000000040080840        0x0 /home/penguin/Programio/blizzard-esp/build/freertos/libfreertos.a(ringbuf.o)
                                          0xc (size before relaxing)
 .literal.panicPutChar
                0x0000000040080840        0x8 /home/penguin/Programio/blizzard-esp/build/esp32/libesp32.a(panic.o)
 .literal.panicPutStr
                0x0000000040080848        0x0 /home/penguin/Programio/blizzard-esp/build/esp32/libesp32.a(panic.o)
                                          0x4 (size before relaxing)
 .literal.panicPutHex
                0x0000000040080848        0x0 /home/penguin/Programio/blizzard-esp/build/esp32/libesp32.a(panic.o)
                                          0x4 (size before relaxing)
 .literal.panicPutDec
                0x0000000040080848        0x4 /home/penguin/Programio/blizzard-esp/build/esp32/libesp32.a(panic.o)
                                          0xc (size before relaxing)
 .literal.unlikely.putEntry
                0x000000004008084c       0x10 /home/penguin/Programio/blizzard-esp/build/esp32/libesp32.a(panic.o)
                                         0x20 (size before relaxing)
 .literal.invoke_abort
                0x000000004008085c        0x4 /home/penguin/Programio/blizzard-esp/build/esp32/libesp32.a(panic.o)
                                          0x8 (size before relaxing)
 .literal.abort
                0x0000000040080860        0x8 /home/penguin/Programio/blizzard-esp/build/esp32/libesp32.a(panic.o)
                                         0x10 (size before relaxing)
 .literal.vApplicationStackOverflowHook
                0x0000000040080868        0x8 /home/penguin/Programio/blizzard-esp/build/esp32/libesp32.a(panic.o)
                                         0x18 (size before relaxing)
 .literal.esp_panic_wdt_stop
                0x0000000040080870       0x14 /home/penguin/Programio/blizzard-esp/build/esp32/libesp32.a(panic.o)
                                         0x18 (size before relaxing)
 .literal.commonErrorHandler
                0x0000000040080884       0x4c /home/penguin/Programio/blizzard-esp/build/esp32/libesp32.a(panic.o)
                                         0xb0 (size before relaxing)
 .literal.panicHandler
                0x00000000400808d0       0x34 /home/penguin/Programio/blizzard-esp/build/esp32/libesp32.a(panic.o)
                                         0x88 (size before relaxing)
 .literal.xt_unhandled_exception
                0x0000000040080904       0x1c /home/penguin/Programio/blizzard-esp/build/esp32/libesp32.a(panic.o)
                                         0x54 (size before relaxing)
 .literal.esp_set_breakpoint_if_jtag
                0x0000000040080920        0x0 /home/penguin/Programio/blizzard-esp/build/esp32/libesp32.a(panic.o)
                                          0x8 (size before relaxing)
 .literal.disable_mem_region
                0x0000000040080920        0xc /home/penguin/Programio/blizzard-esp/build/esp32/libesp32.a(heap_alloc_caps.o)
                                         0x14 (size before relaxing)
 .literal.heap_alloc_enable_nonos_stack_tag
                0x000000004008092c        0x4 /home/penguin/Programio/blizzard-esp/build/esp32/libesp32.a(heap_alloc_caps.o)
 .literal.heap_alloc_caps_init
                0x0000000040080930       0x40 /home/penguin/Programio/blizzard-esp/build/esp32/libesp32.a(heap_alloc_caps.o)
                                         0x70 (size before relaxing)
 .literal.vPortFree
                0x0000000040080970        0x8 /home/penguin/Programio/blizzard-esp/build/esp32/libesp32.a(heap_alloc_caps.o)
                                          0xc (size before relaxing)
 .literal.pvPortMallocCaps
                0x0000000040080978       0x1c /home/penguin/Programio/blizzard-esp/build/esp32/libesp32.a(heap_alloc_caps.o)
                                         0x38 (size before relaxing)
 .literal.pvPortMalloc
                0x0000000040080994        0x0 /home/penguin/Programio/blizzard-esp/build/esp32/libesp32.a(heap_alloc_caps.o)
                                          0x4 (size before relaxing)
 .literal.rtc_clk_slow_freq_set
                0x0000000040080994        0x8 /home/penguin/Programio/blizzard-esp/build/soc/libsoc.a(rtc_clk.o)
                                          0xc (size before relaxing)
 .literal.rtc_clk_slow_freq_get_hz
                0x000000004008099c        0x4 /home/penguin/Programio/blizzard-esp/build/soc/libsoc.a(rtc_clk.o)
                                          0x8 (size before relaxing)
 .literal.rtc_clk_fast_freq_set
                0x00000000400809a0        0x4 /home/penguin/Programio/blizzard-esp/build/soc/libsoc.a(rtc_clk.o)
                                          0xc (size before relaxing)
 .literal.rtc_clk_bbpll_set
                0x00000000400809a4       0x24 /home/penguin/Programio/blizzard-esp/build/soc/libsoc.a(rtc_clk.o)
                                         0x5c (size before relaxing)
 .literal.rtc_clk_xtal_freq_get
                0x00000000400809c8        0xc /home/penguin/Programio/blizzard-esp/build/soc/libsoc.a(rtc_clk.o)
                                         0x14 (size before relaxing)
 .literal.rtc_clk_apb_freq_update
                0x00000000400809d4        0x4 /home/penguin/Programio/blizzard-esp/build/soc/libsoc.a(rtc_clk.o)
 .literal.rtc_clk_cpu_freq_set
                0x00000000400809d8       0x28 /home/penguin/Programio/blizzard-esp/build/soc/libsoc.a(rtc_clk.o)
                                         0x84 (size before relaxing)
 .literal.rtc_clk_apb_freq_get
                0x0000000040080a00        0x0 /home/penguin/Programio/blizzard-esp/build/soc/libsoc.a(rtc_clk.o)
                                          0x4 (size before relaxing)
 .literal.rtc_init
                0x0000000040080a00       0x88 /home/penguin/Programio/blizzard-esp/build/soc/libsoc.a(rtc_init.o)
                                         0xfc (size before relaxing)
 .literal.rtc_clk_cal_internal
                0x0000000040080a88       0x1c /home/penguin/Programio/blizzard-esp/build/soc/libsoc.a(rtc_time.o)
                                         0x38 (size before relaxing)
 .literal.rtc_clk_cal
                0x0000000040080aa4        0x0 /home/penguin/Programio/blizzard-esp/build/soc/libsoc.a(rtc_time.o)
                                          0xc (size before relaxing)
 .literal.rtc_time_get
                0x0000000040080aa4       0x10 /home/penguin/Programio/blizzard-esp/build/soc/libsoc.a(rtc_time.o)
                                         0x18 (size before relaxing)
 .literal       0x0000000040080ab4        0x0 /home/penguin/Programio/esp-idf/components/esp32/libhal.a(windowspill_asm.o)
                                          0x4 (size before relaxing)
 .literal.esp_rom_spiflash_read_status
                0x0000000040080ab4       0x10 /home/penguin/Programio/blizzard-esp/build/spi_flash/libspi_flash.a(spi_flash_rom_patch.o)
                                         0x14 (size before relaxing)
 .literal.esp_rom_spiflash_wait_idle
                0x0000000040080ac4        0x8 /home/penguin/Programio/blizzard-esp/build/spi_flash/libspi_flash.a(spi_flash_rom_patch.o)
                                          0xc (size before relaxing)
 .literal.esp_rom_spiflash_enable_write$constprop$6
                0x0000000040080acc        0x4 /home/penguin/Programio/blizzard-esp/build/spi_flash/libspi_flash.a(spi_flash_rom_patch.o)
                                         0x14 (size before relaxing)
 .literal.esp_rom_spiflash_program_page_internal$constprop$4
                0x0000000040080ad0        0xc /home/penguin/Programio/blizzard-esp/build/spi_flash/libspi_flash.a(spi_flash_rom_patch.o)
                                         0x28 (size before relaxing)
 .literal.esp_rom_spiflash_read_statushigh
                0x0000000040080adc        0x0 /home/penguin/Programio/blizzard-esp/build/spi_flash/libspi_flash.a(spi_flash_rom_patch.o)
                                          0xc (size before relaxing)
 .literal.esp_rom_spiflash_write_status
                0x0000000040080adc        0x4 /home/penguin/Programio/blizzard-esp/build/spi_flash/libspi_flash.a(spi_flash_rom_patch.o)
                                         0x14 (size before relaxing)
 .literal.esp_rom_spiflash_unlock
                0x0000000040080ae0        0x8 /home/penguin/Programio/blizzard-esp/build/spi_flash/libspi_flash.a(spi_flash_rom_patch.o)
                                         0x28 (size before relaxing)
 .literal.esp_rom_spiflash_erase_block
                0x0000000040080ae8        0xc /home/penguin/Programio/blizzard-esp/build/spi_flash/libspi_flash.a(spi_flash_rom_patch.o)
                                         0x34 (size before relaxing)
 .literal.esp_rom_spiflash_erase_sector
                0x0000000040080af4        0x0 /home/penguin/Programio/blizzard-esp/build/spi_flash/libspi_flash.a(spi_flash_rom_patch.o)
                                         0x34 (size before relaxing)
 .literal.esp_rom_spiflash_write
                0x0000000040080af4        0x0 /home/penguin/Programio/blizzard-esp/build/spi_flash/libspi_flash.a(spi_flash_rom_patch.o)
                                         0x24 (size before relaxing)
 .literal.esp_rom_spiflash_write_encrypted
                0x0000000040080af4        0xc /home/penguin/Programio/blizzard-esp/build/spi_flash/libspi_flash.a(spi_flash_rom_patch.o)
                                         0x10 (size before relaxing)
 .literal.esp_rom_spiflash_read
                0x0000000040080b00       0x34 /home/penguin/Programio/blizzard-esp/build/spi_flash/libspi_flash.a(spi_flash_rom_patch.o)
                                         0x70 (size before relaxing)
 .iram1         0x0000000040080b34       0x2a /home/penguin/Programio/blizzard-esp/build/esp32/libesp32.a(cache_err_int.o)
                0x0000000040080b34                esp_cache_err_get_cpuid
 *fill*         0x0000000040080b5e        0x2 
 .iram1         0x0000000040080b60      0x149 /home/penguin/Programio/blizzard-esp/build/esp32/libesp32.a(cpu_start.o)
                                        0x185 (size before relaxing)
                0x0000000040080b60                start_cpu0
                0x0000000040080b60                start_cpu0_default
                0x0000000040080c10                call_start_cpu0
 *fill*         0x0000000040080ca9        0x3 
 .iram1         0x0000000040080cac       0x67 /home/penguin/Programio/blizzard-esp/build/esp32/libesp32.a(ipc.o)
                                         0x6b (size before relaxing)
 *fill*         0x0000000040080d13        0x1 
 .iram1         0x0000000040080d14       0x7e /home/penguin/Programio/blizzard-esp/build/esp32/libesp32.a(crosscore_int.o)
                                         0x8a (size before relaxing)
                0x0000000040080d58                esp_crosscore_int_send_yield
 *fill*         0x0000000040080d92        0x2 
 .iram1         0x0000000040080d94        0xf /home/penguin/Programio/blizzard-esp/build/esp32/libesp32.a(clk.o)
                0x0000000040080d94                ets_update_cpu_frequency
 *fill*         0x0000000040080da3        0x1 
 .iram1         0x0000000040080da4      0x1d6 /home/penguin/Programio/blizzard-esp/build/esp32/libesp32.a(intr_alloc.o)
                                        0x1ee (size before relaxing)
                0x0000000040080de0                esp_intr_enable
                0x0000000040080e58                esp_intr_disable
                0x0000000040080edc                esp_intr_noniram_disable
                0x0000000040080f28                esp_intr_noniram_enable
                0x0000000040080f64                ets_isr_unmask
                0x0000000040080f70                ets_isr_mask
 *fill*         0x0000000040080f7a        0x2 
 .iram1         0x0000000040080f7c      0x53e /home/penguin/Programio/blizzard-esp/build/freertos/libfreertos.a(xtensa_vectors.o)
                0x0000000040080f7c                _xt_panic
                0x0000000040081088                _xt_user_exit
                0x0000000040081348                _xt_medint2_exit
                0x00000000400813cc                _xt_medint3_exit
 *fill*         0x00000000400814ba        0x2 
 .iram1         0x00000000400814bc      0x162 /home/penguin/Programio/blizzard-esp/build/log/liblog.a(log.o)
                                        0x16e (size before relaxing)
                0x00000000400814bc                esp_log_write
                0x00000000400815e0                esp_log_early_timestamp
                0x00000000400815f4                esp_log_timestamp
 *fill*         0x000000004008161e        0x2 
 .iram1         0x0000000040081620       0xba /home/penguin/Programio/blizzard-esp/build/newlib/libnewlib.a(time.o)
                                         0xc6 (size before relaxing)
                0x0000000040081660                _gettimeofday_r
                0x00000000400816b8                _times_r
 *fill*         0x00000000400816da        0x2 
 .iram1         0x00000000400816dc       0x3c /home/penguin/Programio/blizzard-esp/build/newlib/libnewlib.a(reent_init.o)
                0x00000000400816dc                esp_reent_init
 .iram1         0x0000000040081718       0x62 /home/penguin/Programio/blizzard-esp/build/newlib/libnewlib.a(syscalls.o)
                                         0x6e (size before relaxing)
                0x0000000040081718                _malloc_r
                0x0000000040081724                _free_r
                0x0000000040081730                _realloc_r
                0x000000004008175c                _calloc_r
 *fill*         0x000000004008177a        0x2 
 .iram1         0x000000004008177c      0x1c8 /home/penguin/Programio/blizzard-esp/build/newlib/libnewlib.a(locks.o)
                                        0x1f4 (size before relaxing)
                0x000000004008188c                _lock_init
                0x000000004008189c                _lock_init_recursive
                0x00000000400818ac                _lock_close
                0x00000000400818ec                _lock_acquire
                0x00000000400818fc                _lock_acquire_recursive
                0x000000004008190c                _lock_try_acquire
                0x000000004008191c                _lock_try_acquire_recursive
                0x000000004008192c                _lock_release
                0x0000000040081938                _lock_release_recursive
 .iram1         0x0000000040081944       0xd6 /home/penguin/Programio/blizzard-esp/build/soc/libsoc.a(cpu_util.o)
                0x0000000040081944                esp_cpu_stall
                0x00000000400819c8                esp_cpu_unstall
                0x0000000040081a0c                esp_cpu_in_ocd_debug_mode
 *fill*         0x0000000040081a1a        0x2 
 .iram1         0x0000000040081a1c       0xc6 /home/penguin/Programio/blizzard-esp/build/spi_flash/libspi_flash.a(cache_utils.o)
                                         0xda (size before relaxing)
                0x0000000040081a84                spi_flash_disable_interrupts_caches_and_other_cpu
                0x0000000040081a94                spi_flash_enable_interrupts_caches_and_other_cpu
                0x0000000040081aa8                spi_flash_disable_interrupts_caches_and_other_cpu_no_os
                0x0000000040081ab4                spi_flash_enable_interrupts_caches_no_os
                0x0000000040081ac4                spi_flash_cache_enabled
 *fill*         0x0000000040081ae2        0x2 
 .iram1         0x0000000040081ae4      0x4a0 /home/penguin/Programio/blizzard-esp/build/spi_flash/libspi_flash.a(flash_ops.o)
                                        0x4d0 (size before relaxing)
                0x0000000040081b70                spi_flash_guard_set
                0x0000000040081b7c                spi_flash_get_chip_size
                0x0000000040081b88                spi_flash_erase_range
                0x0000000040081bf4                spi_flash_erase_sector
                0x0000000040081c04                spi_flash_write
                0x0000000040081d40                spi_flash_read
                0x0000000040081e7c                spi_flash_read_encrypted
                0x0000000040081ec4                spi_flash_write_encrypted
 .iram1         0x0000000040081f84      0x2e6 /home/penguin/Programio/blizzard-esp/build/spi_flash/libspi_flash.a(flash_mmap.o)
                                        0x2ea (size before relaxing)
                0x0000000040082058                spi_flash_mmap
                0x00000000400821e0                spi_flash_munmap
                0x000000004008225c                spi_flash_mark_modified_region
 *fill*         0x000000004008226a        0x2 
 .iram1         0x000000004008226c      0x15a /home/penguin/Programio/blizzard-esp/build/vfs/libvfs.a(vfs_uart.o)
                                        0x166 (size before relaxing)
 *fill*         0x00000000400823c6        0x2 
 .iram1         0x00000000400823c8       0x18 /home/penguin/Programio/blizzard-esp/build/esp32/libesp32.a(freertos_hooks.o)
                0x00000000400823c8                esp_vApplicationTickHook
 *fill*         0x00000000400823e0        0x0 
 *fill*         0x00000000400823e0        0x0 
 *fill*         0x00000000400823e0        0x0 
 .iram1         0x00000000400823e0       0x1d /home/penguin/Programio/blizzard-esp/build/esp32/libesp32.a(dport_access.o)
                0x00000000400823e0                esp_dport_access_stall_other_cpu_start
                0x00000000400823e8                esp_dport_access_stall_other_cpu_end
                0x00000000400823f0                esp_dport_access_stall_other_cpu_start_wrap
                0x00000000400823f8                esp_dport_access_stall_other_cpu_end_wrap
 *fill*         0x00000000400823fd        0x0 
 *fill*         0x00000000400823fd        0x0 
 *fill*         0x00000000400823fd        0x0 
 *fill*         0x00000000400823fd        0x0 
 *fill*         0x00000000400823fd        0x0 
 *fill*         0x00000000400823fd        0x0 
 *fill*         0x00000000400823fd        0x0 
 *fill*         0x00000000400823fd        0x0 
 *fill*         0x00000000400823fd        0x0 
 *fill*         0x00000000400823fd        0x0 
 *fill*         0x00000000400823fd        0x0 
 *fill*         0x00000000400823fd        0x0 
 *libfreertos.a:(.literal .text .literal.* .text.*)
 *fill*         0x00000000400823fd        0x3 
 .text.xt_unhandled_interrupt
                0x0000000040082400       0x16 /home/penguin/Programio/blizzard-esp/build/freertos/libfreertos.a(xtensa_intr.o)
                0x0000000040082400                xt_unhandled_interrupt
 *fill*         0x0000000040082416        0x2 
 .text.xt_set_interrupt_handler
                0x0000000040082418       0x3c /home/penguin/Programio/blizzard-esp/build/freertos/libfreertos.a(xtensa_intr.o)
                0x0000000040082418                xt_set_interrupt_handler
 .text.prvCopyDataToQueue
                0x0000000040082454       0x88 /home/penguin/Programio/blizzard-esp/build/freertos/libfreertos.a(queue.o)
 .text.prvCopyDataFromQueue
                0x00000000400824dc       0x23 /home/penguin/Programio/blizzard-esp/build/freertos/libfreertos.a(queue.o)
 *fill*         0x00000000400824ff        0x1 
 .text.prvNotifyQueueSetContainer
                0x0000000040082500       0x5b /home/penguin/Programio/blizzard-esp/build/freertos/libfreertos.a(queue.o)
                                         0x63 (size before relaxing)
 *fill*         0x000000004008255b        0x1 
 .text.xQueueGenericReset
                0x000000004008255c       0x86 /home/penguin/Programio/blizzard-esp/build/freertos/libfreertos.a(queue.o)
                                         0x96 (size before relaxing)
                0x000000004008255c                xQueueGenericReset
 *fill*         0x00000000400825e2        0x2 
 .text.xQueueGenericCreate
                0x00000000400825e4       0x4e /home/penguin/Programio/blizzard-esp/build/freertos/libfreertos.a(queue.o)
                                         0x56 (size before relaxing)
                0x00000000400825e4                xQueueGenericCreate
 *fill*         0x0000000040082632        0x2 
 .text.xQueueGetMutexHolder
                0x0000000040082634       0x20 /home/penguin/Programio/blizzard-esp/build/freertos/libfreertos.a(queue.o)
                                         0x24 (size before relaxing)
                0x0000000040082634                xQueueGetMutexHolder
 .text.xQueueGenericSend
                0x0000000040082654      0x137 /home/penguin/Programio/blizzard-esp/build/freertos/libfreertos.a(queue.o)
                                        0x167 (size before relaxing)
                0x0000000040082654                xQueueGenericSend
 *fill*         0x000000004008278b        0x1 
 .text.xQueueCreateMutex
                0x000000004008278c       0x2e /home/penguin/Programio/blizzard-esp/build/freertos/libfreertos.a(queue.o)
                                         0x36 (size before relaxing)
                0x000000004008278c                xQueueCreateMutex
 *fill*         0x00000000400827ba        0x2 
 .text.xQueueGiveMutexRecursive
                0x00000000400827bc       0x41 /home/penguin/Programio/blizzard-esp/build/freertos/libfreertos.a(queue.o)
                                         0x45 (size before relaxing)
                0x00000000400827bc                xQueueGiveMutexRecursive
 *fill*         0x00000000400827fd        0x3 
 .text.xQueueGenericSendFromISR
                0x0000000040082800       0xbe /home/penguin/Programio/blizzard-esp/build/freertos/libfreertos.a(queue.o)
                                         0xc6 (size before relaxing)
                0x0000000040082800                xQueueGenericSendFromISR
 *fill*         0x00000000400828be        0x2 
 .text.xQueueGiveFromISR
                0x00000000400828c0       0xb6 /home/penguin/Programio/blizzard-esp/build/freertos/libfreertos.a(queue.o)
                                         0xbe (size before relaxing)
                0x00000000400828c0                xQueueGiveFromISR
 *fill*         0x0000000040082976        0x2 
 .text.xQueueGenericReceive
                0x0000000040082978      0x124 /home/penguin/Programio/blizzard-esp/build/freertos/libfreertos.a(queue.o)
                                        0x14f (size before relaxing)
                0x0000000040082978                xQueueGenericReceive
 *fill*         0x0000000040082a9c        0x0 
 .text.xQueueTakeMutexRecursive
                0x0000000040082a9c       0x51 /home/penguin/Programio/blizzard-esp/build/freertos/libfreertos.a(queue.o)
                0x0000000040082a9c                xQueueTakeMutexRecursive
 *fill*         0x0000000040082aed        0x3 
 .text.xQueueReceiveFromISR
                0x0000000040082af0       0x89 /home/penguin/Programio/blizzard-esp/build/freertos/libfreertos.a(queue.o)
                                         0x95 (size before relaxing)
                0x0000000040082af0                xQueueReceiveFromISR
 *fill*         0x0000000040082b79        0x3 
 .text.uxQueueSpacesAvailable
                0x0000000040082b7c       0x36 /home/penguin/Programio/blizzard-esp/build/freertos/libfreertos.a(queue.o)
                                         0x3e (size before relaxing)
                0x0000000040082b7c                uxQueueSpacesAvailable
 *fill*         0x0000000040082bb2        0x2 
 .text.vQueueDelete
                0x0000000040082bb4       0x23 /home/penguin/Programio/blizzard-esp/build/freertos/libfreertos.a(queue.o)
                                         0x27 (size before relaxing)
                0x0000000040082bb4                vQueueDelete
 *fill*         0x0000000040082bd7        0x1 
 .text.vQueueWaitForMessageRestricted
                0x0000000040082bd8       0x23 /home/penguin/Programio/blizzard-esp/build/freertos/libfreertos.a(queue.o)
                                         0x2a (size before relaxing)
                0x0000000040082bd8                vQueueWaitForMessageRestricted
 *fill*         0x0000000040082bfb        0x1 
 .text.pxPortInitialiseStack
                0x0000000040082bfc       0x49 /home/penguin/Programio/blizzard-esp/build/freertos/libfreertos.a(port.o)
                0x0000000040082bfc                pxPortInitialiseStack
 *fill*         0x0000000040082c45        0x3 
 .text.xPortStartScheduler
                0x0000000040082c48       0x22 /home/penguin/Programio/blizzard-esp/build/freertos/libfreertos.a(port.o)
                                         0x2e (size before relaxing)
                0x0000000040082c48                xPortStartScheduler
 *fill*         0x0000000040082c6a        0x2 
 .text.xPortSysTickHandler
                0x0000000040082c6c       0x10 /home/penguin/Programio/blizzard-esp/build/freertos/libfreertos.a(port.o)
                                         0x16 (size before relaxing)
                0x0000000040082c6c                xPortSysTickHandler
 *fill*         0x0000000040082c7c        0x0 
 .text.vPortYieldOtherCore
                0x0000000040082c7c        0xa /home/penguin/Programio/blizzard-esp/build/freertos/libfreertos.a(port.o)
                                          0xe (size before relaxing)
                0x0000000040082c7c                vPortYieldOtherCore
 *fill*         0x0000000040082c86        0x2 
 .text.vPortReleaseTaskMPUSettings
                0x0000000040082c88        0xa /home/penguin/Programio/blizzard-esp/build/freertos/libfreertos.a(port.o)
                                          0xe (size before relaxing)
                0x0000000040082c88                vPortReleaseTaskMPUSettings
 *fill*         0x0000000040082c92        0x2 
 .text.xPortInIsrContext
                0x0000000040082c94       0x23 /home/penguin/Programio/blizzard-esp/build/freertos/libfreertos.a(port.o)
                0x0000000040082c94                xPortInIsrContext
 *fill*         0x0000000040082cb7        0x1 
 .text.vPortCPUInitializeMutex
                0x0000000040082cb8        0xd /home/penguin/Programio/blizzard-esp/build/freertos/libfreertos.a(port.o)
                0x0000000040082cb8                vPortCPUInitializeMutex
 *fill*         0x0000000040082cc5        0x3 
 .text.vPortFirstTaskHook
                0x0000000040082cc8        0xa /home/penguin/Programio/blizzard-esp/build/freertos/libfreertos.a(port.o)
                                          0xe (size before relaxing)
                0x0000000040082cc8                vPortFirstTaskHook
 *fill*         0x0000000040082cd2        0x2 
 .text.prvInsertBlockIntoFreeList
                0x0000000040082cd4       0x8a /home/penguin/Programio/blizzard-esp/build/freertos/libfreertos.a(heap_regions.o)
 *fill*         0x0000000040082d5e        0x2 
 .text.pvPortMallocTagged
                0x0000000040082d60      0x116 /home/penguin/Programio/blizzard-esp/build/freertos/libfreertos.a(heap_regions.o)
                                        0x11e (size before relaxing)
                0x0000000040082d60                pvPortMallocTagged
 *fill*         0x0000000040082e76        0x2 
 .text.vPortFreeTagged
                0x0000000040082e78       0x66 /home/penguin/Programio/blizzard-esp/build/freertos/libfreertos.a(heap_regions.o)
                                         0x72 (size before relaxing)
                0x0000000040082e78                vPortFreeTagged
 *fill*         0x0000000040082ede        0x2 
 .text.vPortDefineHeapRegionsTagged
                0x0000000040082ee0      0x137 /home/penguin/Programio/blizzard-esp/build/freertos/libfreertos.a(heap_regions.o)
                                        0x13f (size before relaxing)
                0x0000000040082ee0                vPortDefineHeapRegionsTagged
 *fill*         0x0000000040083017        0x1 
 .text.prvInitialiseNewTask
                0x0000000040083018       0xb6 /home/penguin/Programio/blizzard-esp/build/freertos/libfreertos.a(tasks.o)
                                         0xc6 (size before relaxing)
 *fill*         0x00000000400830ce        0x2 
 .text.prvResetNextTaskUnblockTime
                0x00000000400830d0       0x2a /home/penguin/Programio/blizzard-esp/build/freertos/libfreertos.a(tasks.o)
 *fill*         0x00000000400830fa        0x2 
 .text.prvAddCurrentTaskToDelayedList
                0x00000000400830fc       0x5b /home/penguin/Programio/blizzard-esp/build/freertos/libfreertos.a(tasks.o)
 *fill*         0x0000000040083157        0x1 
 .text.taskYIELD_OTHER_CORE
                0x0000000040083158       0x37 /home/penguin/Programio/blizzard-esp/build/freertos/libfreertos.a(tasks.o)
                                         0x3a (size before relaxing)
                0x0000000040083158                taskYIELD_OTHER_CORE
 *fill*         0x000000004008318f        0x1 
 .text.vTaskSuspendAll
                0x0000000040083190       0x26 /home/penguin/Programio/blizzard-esp/build/freertos/libfreertos.a(tasks.o)
                0x0000000040083190                vTaskSuspendAll
 *fill*         0x00000000400831b6        0x2 
 .text.vTaskSwitchContext
                0x00000000400831b8      0x193 /home/penguin/Programio/blizzard-esp/build/freertos/libfreertos.a(tasks.o)
                0x00000000400831b8                vTaskSwitchContext
 *fill*         0x000000004008334b        0x1 
 .text.vTaskSetTimeOutState
                0x000000004008334c       0x34 /home/penguin/Programio/blizzard-esp/build/freertos/libfreertos.a(tasks.o)
                0x000000004008334c                vTaskSetTimeOutState
 .text.xTaskGetCurrentTaskHandle
                0x0000000040083380       0x1f /home/penguin/Programio/blizzard-esp/build/freertos/libfreertos.a(tasks.o)
                0x0000000040083380                xTaskGetCurrentTaskHandle
 *fill*         0x000000004008339f        0x1 
 .text.__getreent
                0x00000000400833a0       0x12 /home/penguin/Programio/blizzard-esp/build/freertos/libfreertos.a(tasks.o)
                                         0x16 (size before relaxing)
                0x00000000400833a0                __getreent
 *fill*         0x00000000400833b2        0x2 
 .text.xTaskGetSchedulerState
                0x00000000400833b4       0x34 /home/penguin/Programio/blizzard-esp/build/freertos/libfreertos.a(tasks.o)
                0x00000000400833b4                xTaskGetSchedulerState
 .text.vTaskEnterCritical
                0x00000000400833e8       0x6a /home/penguin/Programio/blizzard-esp/build/freertos/libfreertos.a(tasks.o)
                0x00000000400833e8                vTaskEnterCritical
 *fill*         0x0000000040083452        0x2 
 .text.vTaskExitCritical
                0x0000000040083454       0x6b /home/penguin/Programio/blizzard-esp/build/freertos/libfreertos.a(tasks.o)
                                         0x6f (size before relaxing)
                0x0000000040083454                vTaskExitCritical
 *fill*         0x00000000400834bf        0x1 
 .text.prvAddNewTaskToReadyList
                0x00000000400834c0      0x160 /home/penguin/Programio/blizzard-esp/build/freertos/libfreertos.a(tasks.o)
                                        0x184 (size before relaxing)
 .text.xTaskCreatePinnedToCore
                0x0000000040083620       0x5e /home/penguin/Programio/blizzard-esp/build/freertos/libfreertos.a(tasks.o)
                                         0x6a (size before relaxing)
                0x0000000040083620                xTaskCreatePinnedToCore
 *fill*         0x000000004008367e        0x2 
 .text.vTaskStartScheduler
                0x0000000040083680       0x58 /home/penguin/Programio/blizzard-esp/build/freertos/libfreertos.a(tasks.o)
                                         0x60 (size before relaxing)
                0x0000000040083680                vTaskStartScheduler
 .text.vTaskDelete
                0x00000000400836d8       0xb0 /home/penguin/Programio/blizzard-esp/build/freertos/libfreertos.a(tasks.o)
                                         0xcc (size before relaxing)
                0x00000000400836d8                vTaskDelete
 .text.prvIdleTask
                0x0000000040083788       0xc5 /home/penguin/Programio/blizzard-esp/build/freertos/libfreertos.a(tasks.o)
                                         0xdf (size before relaxing)
 *fill*         0x000000004008384d        0x3 
 .text.xTaskGetTickCountFromISR
                0x0000000040083850       0x1c /home/penguin/Programio/blizzard-esp/build/freertos/libfreertos.a(tasks.o)
                                         0x20 (size before relaxing)
                0x0000000040083850                xTaskGetTickCountFromISR
 .text.xTaskGetTickCount
                0x000000004008386c        0xa /home/penguin/Programio/blizzard-esp/build/freertos/libfreertos.a(tasks.o)
                                          0xd (size before relaxing)
                0x000000004008386c                xTaskGetTickCount
 *fill*         0x0000000040083876        0x2 
 .text.xTaskIncrementTick
                0x0000000040083878      0x1a3 /home/penguin/Programio/blizzard-esp/build/freertos/libfreertos.a(tasks.o)
                                        0x1bf (size before relaxing)
                0x0000000040083878                xTaskIncrementTick
 *fill*         0x0000000040083a1b        0x1 
 .text.xTaskResumeAll
                0x0000000040083a1c      0x17e /home/penguin/Programio/blizzard-esp/build/freertos/libfreertos.a(tasks.o)
                                        0x18a (size before relaxing)
                0x0000000040083a1c                xTaskResumeAll
 *fill*         0x0000000040083b9a        0x2 
 .text.vTaskPlaceOnEventList
                0x0000000040083b9c       0x87 /home/penguin/Programio/blizzard-esp/build/freertos/libfreertos.a(tasks.o)
                                         0x9b (size before relaxing)
                0x0000000040083b9c                vTaskPlaceOnEventList
 *fill*         0x0000000040083c23        0x1 
 .text.vTaskPlaceOnEventListRestricted
                0x0000000040083c24       0x68 /home/penguin/Programio/blizzard-esp/build/freertos/libfreertos.a(tasks.o)
                                         0x7c (size before relaxing)
                0x0000000040083c24                vTaskPlaceOnEventListRestricted
 .text.xTaskRemoveFromEventList
                0x0000000040083c8c      0x100 /home/penguin/Programio/blizzard-esp/build/freertos/libfreertos.a(tasks.o)
                                        0x112 (size before relaxing)
                0x0000000040083c8c                xTaskRemoveFromEventList
 *fill*         0x0000000040083d8c        0x0 
 .text.xTaskCheckForTimeOut
                0x0000000040083d8c       0x70 /home/penguin/Programio/blizzard-esp/build/freertos/libfreertos.a(tasks.o)
                                         0x78 (size before relaxing)
                0x0000000040083d8c                xTaskCheckForTimeOut
 .text.vTaskPriorityInherit
                0x0000000040083dfc       0xbb /home/penguin/Programio/blizzard-esp/build/freertos/libfreertos.a(tasks.o)
                                         0xca (size before relaxing)
                0x0000000040083dfc                vTaskPriorityInherit
 *fill*         0x0000000040083eb7        0x1 
 .text.xTaskPriorityDisinherit
                0x0000000040083eb8       0x8a /home/penguin/Programio/blizzard-esp/build/freertos/libfreertos.a(tasks.o)
                                         0x9a (size before relaxing)
                0x0000000040083eb8                xTaskPriorityDisinherit
 *fill*         0x0000000040083f42        0x2 
 .text.pvTaskIncrementMutexHeldCount
                0x0000000040083f44       0x4b /home/penguin/Programio/blizzard-esp/build/freertos/libfreertos.a(tasks.o)
                                         0x4f (size before relaxing)
                0x0000000040083f44                pvTaskIncrementMutexHeldCount
 *fill*         0x0000000040083f8f        0x1 
 .text.prvInsertTimerInActiveList
                0x0000000040083f90       0x3a /home/penguin/Programio/blizzard-esp/build/freertos/libfreertos.a(timers.o)
 *fill*         0x0000000040083fca        0x2 
 .text.prvCheckForValidListAndQueue
                0x0000000040083fcc       0x60 /home/penguin/Programio/blizzard-esp/build/freertos/libfreertos.a(timers.o)
                                         0x78 (size before relaxing)
 .text.xTimerCreateTimerTask
                0x000000004008402c       0x43 /home/penguin/Programio/blizzard-esp/build/freertos/libfreertos.a(timers.o)
                                         0x47 (size before relaxing)
                0x000000004008402c                xTimerCreateTimerTask
 *fill*         0x000000004008406f        0x1 
 .text.xTimerGenericCommand
                0x0000000040084070       0x3e /home/penguin/Programio/blizzard-esp/build/freertos/libfreertos.a(timers.o)
                                         0x46 (size before relaxing)
                0x0000000040084070                xTimerGenericCommand
 *fill*         0x00000000400840ae        0x2 
 .text.prvSwitchTimerLists
                0x00000000400840b0       0x70 /home/penguin/Programio/blizzard-esp/build/freertos/libfreertos.a(timers.o)
                                         0x7c (size before relaxing)
 .text.prvTimerTask
                0x0000000040084120      0x18e /home/penguin/Programio/blizzard-esp/build/freertos/libfreertos.a(timers.o)
                                        0x1c2 (size before relaxing)
 *fill*         0x00000000400842ae        0x2 
 .text          0x00000000400842b0      0x12b /home/penguin/Programio/blizzard-esp/build/freertos/libfreertos.a(xtensa_context.o)
                0x00000000400842b0                _xt_context_save
                0x0000000040084318                _xt_context_restore
                0x000000004008435c                _xt_coproc_init
                0x0000000040084370                _xt_coproc_release
                0x000000004008439c                _xt_coproc_savecs
                0x00000000400843bc                _xt_coproc_restorecs
 *fill*         0x00000000400843db        0x1 
 .text          0x00000000400843dc      0x1cc /home/penguin/Programio/blizzard-esp/build/freertos/libfreertos.a(portasm.o)
                0x00000000400843dc                _frxt_setup_switch
                0x00000000400843f4                _frxt_int_enter
                0x000000004008443c                _frxt_int_exit
                0x000000004008448c                _frxt_timer_int
                0x00000000400844b0                _frxt_tick_timer_init
                0x00000000400844c8                _frxt_dispatch
                0x0000000040084510                vPortYield
                0x000000004008455c                vPortYieldFromInt
                0x000000004008457c                _frxt_task_coproc_state
 .text._xt_tick_divisor_init
                0x00000000400845a8        0xd /home/penguin/Programio/blizzard-esp/build/freertos/libfreertos.a(xtensa_init.o)
                0x00000000400845a8                _xt_tick_divisor_init
 *fill*         0x00000000400845b5        0x3 
 .text.returnItemToRingbufDefault
                0x00000000400845b8       0xbb /home/penguin/Programio/blizzard-esp/build/freertos/libfreertos.a(ringbuf.o)
 *fill*         0x0000000040084673        0x1 
 .text.getItemFromRingbufDefault
                0x0000000040084674       0x72 /home/penguin/Programio/blizzard-esp/build/freertos/libfreertos.a(ringbuf.o)
                                         0x76 (size before relaxing)
 *fill*         0x00000000400846e6        0x2 
 .text.copyItemToRingbufNoSplit
                0x00000000400846e8       0x94 /home/penguin/Programio/blizzard-esp/build/freertos/libfreertos.a(ringbuf.o)
 .text.copyItemToRingbufByteBuf
                0x000000004008477c       0x46 /home/penguin/Programio/blizzard-esp/build/freertos/libfreertos.a(ringbuf.o)
 *fill*         0x00000000400847c2        0x2 
 .text.copyItemToRingbufAllowSplit
                0x00000000400847c4       0xc8 /home/penguin/Programio/blizzard-esp/build/freertos/libfreertos.a(ringbuf.o)
                                         0xcc (size before relaxing)
 .text.returnItemToRingbufBytebuf
                0x000000004008488c       0x34 /home/penguin/Programio/blizzard-esp/build/freertos/libfreertos.a(ringbuf.o)
 .text.xRingbufferCreate
                0x00000000400848c0       0xf5 /home/penguin/Programio/blizzard-esp/build/freertos/libfreertos.a(ringbuf.o)
                                        0x105 (size before relaxing)
                0x00000000400848c0                xRingbufferCreate
 *fill*         0x00000000400849b5        0x3 
 .text.xRingbufferGetMaxItemSize
                0x00000000400849b8       0x1f /home/penguin/Programio/blizzard-esp/build/freertos/libfreertos.a(ringbuf.o)
                                         0x22 (size before relaxing)
                0x00000000400849b8                xRingbufferGetMaxItemSize
 *fill*         0x00000000400849d7        0x1 
 .text.xRingbufferSend
                0x00000000400849d8       0xb0 /home/penguin/Programio/blizzard-esp/build/freertos/libfreertos.a(ringbuf.o)
                                         0xc4 (size before relaxing)
                0x00000000400849d8                xRingbufferSend
 .text.xRingbufferSendFromISR
                0x0000000040084a88       0x52 /home/penguin/Programio/blizzard-esp/build/freertos/libfreertos.a(ringbuf.o)
                                         0x5e (size before relaxing)
                0x0000000040084a88                xRingbufferSendFromISR
 *fill*         0x0000000040084ada        0x2 
 .text.xRingbufferReceiveFromISR
                0x0000000040084adc       0x38 /home/penguin/Programio/blizzard-esp/build/freertos/libfreertos.a(ringbuf.o)
                                         0x40 (size before relaxing)
                0x0000000040084adc                xRingbufferReceiveFromISR
 .text.vRingbufferReturnItemFromISR
                0x0000000040084b14       0x24 /home/penguin/Programio/blizzard-esp/build/freertos/libfreertos.a(ringbuf.o)
                                         0x2c (size before relaxing)
                0x0000000040084b14                vRingbufferReturnItemFromISR
 *fill*         0x0000000040084b38        0x0 
 *fill*         0x0000000040084b38        0x0 
 *fill*         0x0000000040084b38        0x0 
 *fill*         0x0000000040084b38        0x0 
 *fill*         0x0000000040084b38        0x0 
 *fill*         0x0000000040084b38        0x0 
 *fill*         0x0000000040084b38        0x0 
 *fill*         0x0000000040084b38        0x0 
 *fill*         0x0000000040084b38        0x0 
 *fill*         0x0000000040084b38        0x0 
 *fill*         0x0000000040084b38        0x0 
 *fill*         0x0000000040084b38        0x0 
 *fill*         0x0000000040084b38        0x0 
 *fill*         0x0000000040084b38        0x0 
 *fill*         0x0000000040084b38        0x0 
 *fill*         0x0000000040084b38        0x0 
 .text.vListInitialise
                0x0000000040084b38       0x15 /home/penguin/Programio/blizzard-esp/build/freertos/libfreertos.a(list.o)
                0x0000000040084b38                vListInitialise
 *fill*         0x0000000040084b4d        0x3 
 .text.vListInitialiseItem
                0x0000000040084b50        0x9 /home/penguin/Programio/blizzard-esp/build/freertos/libfreertos.a(list.o)
                0x0000000040084b50                vListInitialiseItem
 *fill*         0x0000000040084b59        0x3 
 .text.vListInsertEnd
                0x0000000040084b5c       0x1b /home/penguin/Programio/blizzard-esp/build/freertos/libfreertos.a(list.o)
                0x0000000040084b5c                vListInsertEnd
 *fill*         0x0000000040084b77        0x1 
 .text.vListInsert
                0x0000000040084b78       0x2d /home/penguin/Programio/blizzard-esp/build/freertos/libfreertos.a(list.o)
                0x0000000040084b78                vListInsert
 *fill*         0x0000000040084ba5        0x3 
 .text.uxListRemove
                0x0000000040084ba8       0x22 /home/penguin/Programio/blizzard-esp/build/freertos/libfreertos.a(list.o)
                0x0000000040084ba8                uxListRemove
 *fill*         0x0000000040084bca        0x0 
 *fill*         0x0000000040084bca        0x0 
 *fill*         0x0000000040084bca        0x0 
 *fill*         0x0000000040084bca        0x0 
 *fill*         0x0000000040084bca        0x2 
 .text.vPortStoreTaskMPUSettings
                0x0000000040084bcc       0x11 /home/penguin/Programio/blizzard-esp/build/freertos/libfreertos.a(port.o)
                0x0000000040084bcc                vPortStoreTaskMPUSettings
 *fill*         0x0000000040084bdd        0x0 
 *fill*         0x0000000040084bdd        0x0 
 *fill*         0x0000000040084bdd        0x0 
 *fill*         0x0000000040084bdd        0x3 
 .text.vPortCPUAcquireMutex
                0x0000000040084be0        0x5 /home/penguin/Programio/blizzard-esp/build/freertos/libfreertos.a(port.o)
                0x0000000040084be0                vPortCPUAcquireMutex
 *fill*         0x0000000040084be5        0x3 
 .text.vPortCPUReleaseMutex
                0x0000000040084be8        0x7 /home/penguin/Programio/blizzard-esp/build/freertos/libfreertos.a(port.o)
                0x0000000040084be8                vPortCPUReleaseMutex
 *fill*         0x0000000040084bef        0x0 
 *fill*         0x0000000040084bef        0x0 
 *fill*         0x0000000040084bef        0x0 
 *fill*         0x0000000040084bef        0x0 
 *fill*         0x0000000040084bef        0x0 
 *fill*         0x0000000040084bef        0x0 
 *fill*         0x0000000040084bef        0x0 
 *fill*         0x0000000040084bef        0x0 
 *fill*         0x0000000040084bef        0x0 
 *fill*         0x0000000040084bef        0x0 
 *fill*         0x0000000040084bef        0x0 
 *fill*         0x0000000040084bef        0x0 
 *fill*         0x0000000040084bef        0x0 
 *fill*         0x0000000040084bef        0x0 
 *fill*         0x0000000040084bef        0x0 
 *fill*         0x0000000040084bef        0x0 
 *fill*         0x0000000040084bef        0x0 
 *fill*         0x0000000040084bef        0x0 
 *fill*         0x0000000040084bef        0x0 
 *fill*         0x0000000040084bef        0x0 
 *fill*         0x0000000040084bef        0x0 
 *fill*         0x0000000040084bef        0x0 
 *fill*         0x0000000040084bef        0x0 
 *fill*         0x0000000040084bef        0x0 
 *fill*         0x0000000040084bef        0x0 
 *fill*         0x0000000040084bef        0x0 
 *fill*         0x0000000040084bef        0x0 
 *fill*         0x0000000040084bef        0x0 
 *fill*         0x0000000040084bef        0x0 
 *fill*         0x0000000040084bef        0x0 
 *fill*         0x0000000040084bef        0x1 
 .text          0x0000000040084bf0       0x33 /home/penguin/Programio/blizzard-esp/build/freertos/libfreertos.a(xtensa_intr_asm.o)
                0x0000000040084bf0                xt_ints_on
                0x0000000040084c08                xt_ints_off
 *fill*         0x0000000040084c23        0x0 
 *fill*         0x0000000040084c23        0x1 
 .text.ringbufferFreeMem
                0x0000000040084c24       0x15 /home/penguin/Programio/blizzard-esp/build/freertos/libfreertos.a(ringbuf.o)
 *fill*         0x0000000040084c39        0x3 
 .text.getItemFromRingbufByteBuf
                0x0000000040084c3c       0x4b /home/penguin/Programio/blizzard-esp/build/freertos/libfreertos.a(ringbuf.o)
 *fill*         0x0000000040084c87        0x0 
 *fill*         0x0000000040084c87        0x0 
 *fill*         0x0000000040084c87        0x0 
 *fill*         0x0000000040084c87        0x0 
 *fill*         0x0000000040084c87        0x0 
 *fill*         0x0000000040084c87        0x0 
 *fill*         0x0000000040084c87        0x0 
 *libesp32.a:panic.o(.literal .text .literal.* .text.*)
 *fill*         0x0000000040084c87        0x1 
 .text.panicPutChar
                0x0000000040084c88       0x1e /home/penguin/Programio/blizzard-esp/build/esp32/libesp32.a(panic.o)
 *fill*         0x0000000040084ca6        0x2 
 .text.panicPutStr
                0x0000000040084ca8       0x1a /home/penguin/Programio/blizzard-esp/build/esp32/libesp32.a(panic.o)
 *fill*         0x0000000040084cc2        0x2 
 .text.panicPutHex
                0x0000000040084cc4       0x25 /home/penguin/Programio/blizzard-esp/build/esp32/libesp32.a(panic.o)
                                         0x28 (size before relaxing)
 *fill*         0x0000000040084ce9        0x3 
 .text.panicPutDec
                0x0000000040084cec       0x38 /home/penguin/Programio/blizzard-esp/build/esp32/libesp32.a(panic.o)
                                         0x3e (size before relaxing)
 *fill*         0x0000000040084d24        0x0 
 .text.unlikely.putEntry
                0x0000000040084d24       0x2b /home/penguin/Programio/blizzard-esp/build/esp32/libesp32.a(panic.o)
                                         0x37 (size before relaxing)
 *fill*         0x0000000040084d4f        0x1 
 .text.invoke_abort
                0x0000000040084d50       0x20 /home/penguin/Programio/blizzard-esp/build/esp32/libesp32.a(panic.o)
 .text.abort    0x0000000040084d70       0x2a /home/penguin/Programio/blizzard-esp/build/esp32/libesp32.a(panic.o)
                                         0x2d (size before relaxing)
                0x0000000040084d70                abort
 *fill*         0x0000000040084d9a        0x2 
 .text.vApplicationStackOverflowHook
                0x0000000040084d9c       0x17 /home/penguin/Programio/blizzard-esp/build/esp32/libesp32.a(panic.o)
                                         0x23 (size before relaxing)
                0x0000000040084d9c                vApplicationStackOverflowHook
 *fill*         0x0000000040084db3        0x1 
 .text.esp_panic_wdt_stop
                0x0000000040084db4       0x44 /home/penguin/Programio/blizzard-esp/build/esp32/libesp32.a(panic.o)
                0x0000000040084db4                esp_panic_wdt_stop
 .text.commonErrorHandler
                0x0000000040084df8      0x233 /home/penguin/Programio/blizzard-esp/build/esp32/libesp32.a(panic.o)
                                        0x253 (size before relaxing)
 *fill*         0x000000004008502b        0x1 
 .text.panicHandler
                0x000000004008502c       0xcc /home/penguin/Programio/blizzard-esp/build/esp32/libesp32.a(panic.o)
                                        0x104 (size before relaxing)
                0x000000004008502c                panicHandler
 .text.xt_unhandled_exception
                0x00000000400850f8       0x7b /home/penguin/Programio/blizzard-esp/build/esp32/libesp32.a(panic.o)
                                         0xa1 (size before relaxing)
                0x00000000400850f8                xt_unhandled_exception
 *fill*         0x0000000040085173        0x1 
 .text.esp_set_breakpoint_if_jtag
                0x0000000040085174        0xf /home/penguin/Programio/blizzard-esp/build/esp32/libesp32.a(panic.o)
                                         0x16 (size before relaxing)
                0x0000000040085174                esp_set_breakpoint_if_jtag
 *fill*         0x0000000040085183        0x0 
 *fill*         0x0000000040085183        0x0 
 *fill*         0x0000000040085183        0x1 
 .text.setFirstBreakpoint
                0x0000000040085184       0x13 /home/penguin/Programio/blizzard-esp/build/esp32/libesp32.a(panic.o)
 *fill*         0x0000000040085197        0x0 
 *fill*         0x0000000040085197        0x0 
 *fill*         0x0000000040085197        0x0 
 *fill*         0x0000000040085197        0x0 
 *fill*         0x0000000040085197        0x0 
 *fill*         0x0000000040085197        0x0 
 *libesp32.a:core_dump.o(.literal .text .literal.* .text.*)
 *libesp32.a:heap_alloc_caps.o(.literal .text .literal.* .text.*)
 *fill*         0x0000000040085197        0x1 
 .text.disable_mem_region
                0x0000000040085198       0xb2 /home/penguin/Programio/blizzard-esp/build/esp32/libesp32.a(heap_alloc_caps.o)
 *fill*         0x000000004008524a        0x2 
 .text.heap_alloc_enable_nonos_stack_tag
                0x000000004008524c        0xd /home/penguin/Programio/blizzard-esp/build/esp32/libesp32.a(heap_alloc_caps.o)
                0x000000004008524c                heap_alloc_enable_nonos_stack_tag
 *fill*         0x0000000040085259        0x3 
 .text.heap_alloc_caps_init
                0x000000004008525c       0x89 /home/penguin/Programio/blizzard-esp/build/esp32/libesp32.a(heap_alloc_caps.o)
                                         0xa4 (size before relaxing)
                0x000000004008525c                heap_alloc_caps_init
 *fill*         0x00000000400852e5        0x3 
 .text.vPortFree
                0x00000000400852e8       0x1d /home/penguin/Programio/blizzard-esp/build/esp32/libesp32.a(heap_alloc_caps.o)
                0x00000000400852e8                vPortFree
 *fill*         0x0000000040085305        0x3 
 .text.pvPortMallocCaps
                0x0000000040085308       0xfe /home/penguin/Programio/blizzard-esp/build/esp32/libesp32.a(heap_alloc_caps.o)
                0x0000000040085308                pvPortMallocCaps
 *fill*         0x0000000040085406        0x2 
 .text.pvPortMalloc
                0x0000000040085408       0x11 /home/penguin/Programio/blizzard-esp/build/esp32/libesp32.a(heap_alloc_caps.o)
                0x0000000040085408                pvPortMalloc
 *fill*         0x0000000040085419        0x0 
 *fill*         0x0000000040085419        0x0 
 *fill*         0x0000000040085419        0x0 
 *fill*         0x0000000040085419        0x0 
 *fill*         0x0000000040085419        0x0 
 *libapp_trace.a:(.literal .text .literal.* .text.*)
 *libxtensa-debug-module.a:eri.o(.literal .text .literal.* .text.*)
 *libphy.a:(.literal .text .literal.* .text.*)
 *librtc.a:(.literal .text .literal.* .text.*)
 *libsoc.a:(.literal .text .literal.* .text.*)
 *fill*         0x0000000040085419        0x3 
 .text.rtc_clk_slow_freq_set
                0x000000004008541c       0x27 /home/penguin/Programio/blizzard-esp/build/soc/libsoc.a(rtc_clk.o)
                0x000000004008541c                rtc_clk_slow_freq_set
 *fill*         0x0000000040085443        0x1 
 .text.rtc_clk_slow_freq_get_hz
                0x0000000040085444       0x1e /home/penguin/Programio/blizzard-esp/build/soc/libsoc.a(rtc_clk.o)
                0x0000000040085444                rtc_clk_slow_freq_get_hz
 *fill*         0x0000000040085462        0x2 
 .text.rtc_clk_fast_freq_set
                0x0000000040085464       0x2a /home/penguin/Programio/blizzard-esp/build/soc/libsoc.a(rtc_clk.o)
                0x0000000040085464                rtc_clk_fast_freq_set
 *fill*         0x000000004008548e        0x2 
 .text.rtc_clk_bbpll_set
                0x0000000040085490      0x143 /home/penguin/Programio/blizzard-esp/build/soc/libsoc.a(rtc_clk.o)
                0x0000000040085490                rtc_clk_bbpll_set
 *fill*         0x00000000400855d3        0x1 
 .text.rtc_clk_xtal_freq_get
                0x00000000400855d4       0x36 /home/penguin/Programio/blizzard-esp/build/soc/libsoc.a(rtc_clk.o)
                                         0x3a (size before relaxing)
                0x00000000400855d4                rtc_get_xtal
                0x00000000400855d4                rtc_clk_xtal_freq_get
 *fill*         0x000000004008560a        0x2 
 .text.rtc_clk_apb_freq_update
                0x000000004008560c       0x19 /home/penguin/Programio/blizzard-esp/build/soc/libsoc.a(rtc_clk.o)
                0x000000004008560c                rtc_clk_apb_freq_update
 *fill*         0x0000000040085625        0x3 
 .text.rtc_clk_cpu_freq_set
                0x0000000040085628      0x1ba /home/penguin/Programio/blizzard-esp/build/soc/libsoc.a(rtc_clk.o)
                                        0x1ea (size before relaxing)
                0x0000000040085628                rtc_clk_cpu_freq_set
 *fill*         0x00000000400857e2        0x2 
 .text.rtc_clk_apb_freq_get
                0x00000000400857e4       0x13 /home/penguin/Programio/blizzard-esp/build/soc/libsoc.a(rtc_clk.o)
                0x00000000400857e4                rtc_clk_apb_freq_get
 *fill*         0x00000000400857f7        0x1 
 .text.rtc_init
                0x00000000400857f8      0x36c /home/penguin/Programio/blizzard-esp/build/soc/libsoc.a(rtc_init.o)
                                        0x3ac (size before relaxing)
                0x00000000400857f8                rtc_init
 .text.rtc_clk_cal_internal
                0x0000000040085b64      0x132 /home/penguin/Programio/blizzard-esp/build/soc/libsoc.a(rtc_time.o)
 *fill*         0x0000000040085c96        0x2 
 .text.rtc_clk_cal
                0x0000000040085c98       0x4c /home/penguin/Programio/blizzard-esp/build/soc/libsoc.a(rtc_time.o)
                                         0x54 (size before relaxing)
                0x0000000040085c98                rtc_clk_cal
 .text.rtc_time_get
                0x0000000040085ce4       0x50 /home/penguin/Programio/blizzard-esp/build/soc/libsoc.a(rtc_time.o)
                0x0000000040085ce4                rtc_time_get
 *fill*         0x0000000040085d34        0x0 
 *fill*         0x0000000040085d34        0x0 
 *fill*         0x0000000040085d34        0x0 
 *fill*         0x0000000040085d34        0x0 
 *fill*         0x0000000040085d34        0x0 
 *fill*         0x0000000040085d34        0x0 
 *fill*         0x0000000040085d34        0x0 
 *fill*         0x0000000040085d34        0x0 
 *fill*         0x0000000040085d34        0x0 
 *fill*         0x0000000040085d34        0x0 
 *libhal.a:(.literal .text .literal.* .text.*)
 .text          0x0000000040085d34      0x137 /home/penguin/Programio/esp-idf/components/esp32/libhal.a(windowspill_asm.o)
                0x0000000040085d34                xthal_window_spill_nw
                0x0000000040085d34                xthal_spill_registers_into_stack_nw
                0x0000000040085e48                xthal_window_spill
 *fill*         0x0000000040085e6b        0x1 
 .text          0x0000000040085e6c        0x8 /home/penguin/Programio/esp-idf/components/esp32/libhal.a(int_asm--set_intclear.o)
                0x0000000040085e6c                xthal_set_intclear
 .text          0x0000000040085e74       0x48 /home/penguin/Programio/esp-idf/components/esp32/libhal.a(clock.o)
                0x0000000040085e74                xthal_get_ccount
                0x0000000040085e7c                xthal_set_ccompare
                0x0000000040085e9c                xthal_get_ccompare
 *fill*         0x0000000040085ebc        0x0 
 .text          0x0000000040085ebc       0x3e /home/penguin/Programio/esp-idf/components/esp32/libhal.a(state_asm--restore_extra_nw.o)
                0x0000000040085ebc                xthal_restore_extra_nw
 *fill*         0x0000000040085efa        0x2 
 .text          0x0000000040085efc       0x3e /home/penguin/Programio/esp-idf/components/esp32/libhal.a(state_asm--save_extra_nw.o)
                0x0000000040085efc                xthal_save_extra_nw
 *libspi_flash.a:spi_flash_rom_patch.o(.literal .text .literal.* .text.*)
 *fill*         0x0000000040085f3a        0x2 
 .text.esp_rom_spiflash_read_status
                0x0000000040085f3c       0x5b /home/penguin/Programio/blizzard-esp/build/spi_flash/libspi_flash.a(spi_flash_rom_patch.o)
                0x0000000040085f3c                esp_rom_spiflash_read_status
 *fill*         0x0000000040085f97        0x1 
 .text.esp_rom_spiflash_wait_idle
                0x0000000040085f98       0x30 /home/penguin/Programio/blizzard-esp/build/spi_flash/libspi_flash.a(spi_flash_rom_patch.o)
                0x0000000040085f98                esp_rom_spiflash_wait_idle
 .text.esp_rom_spiflash_enable_write$constprop$6
                0x0000000040085fc8       0x3d /home/penguin/Programio/blizzard-esp/build/spi_flash/libspi_flash.a(spi_flash_rom_patch.o)
                                         0x41 (size before relaxing)
 *fill*         0x0000000040086005        0x3 
 .text.esp_rom_spiflash_program_page_internal$constprop$4
                0x0000000040086008       0xce /home/penguin/Programio/blizzard-esp/build/spi_flash/libspi_flash.a(spi_flash_rom_patch.o)
 *fill*         0x00000000400860d6        0x2 
 .text.esp_rom_spiflash_read_statushigh
                0x00000000400860d8       0x21 /home/penguin/Programio/blizzard-esp/build/spi_flash/libspi_flash.a(spi_flash_rom_patch.o)
                0x00000000400860d8                esp_rom_spiflash_read_statushigh
 *fill*         0x00000000400860f9        0x3 
 .text.esp_rom_spiflash_write_status
                0x00000000400860fc       0x2f /home/penguin/Programio/blizzard-esp/build/spi_flash/libspi_flash.a(spi_flash_rom_patch.o)
                                         0x33 (size before relaxing)
                0x00000000400860fc                esp_rom_spiflash_write_status
 *fill*         0x000000004008612b        0x1 
 .text.esp_rom_spiflash_unlock
                0x000000004008612c       0x66 /home/penguin/Programio/blizzard-esp/build/spi_flash/libspi_flash.a(spi_flash_rom_patch.o)
                                         0x72 (size before relaxing)
                0x000000004008612c                esp_rom_spiflash_unlock
 *fill*         0x0000000040086192        0x2 
 .text.esp_rom_spiflash_erase_block
                0x0000000040086194       0x80 /home/penguin/Programio/blizzard-esp/build/spi_flash/libspi_flash.a(spi_flash_rom_patch.o)
                                         0x88 (size before relaxing)
                0x0000000040086194                esp_rom_spiflash_erase_block
 .text.esp_rom_spiflash_erase_sector
                0x0000000040086214       0x89 /home/penguin/Programio/blizzard-esp/build/spi_flash/libspi_flash.a(spi_flash_rom_patch.o)
                                         0x8d (size before relaxing)
                0x0000000040086214                esp_rom_spiflash_erase_sector
 *fill*         0x000000004008629d        0x3 
 .text.esp_rom_spiflash_write
                0x00000000400862a0       0x9e /home/penguin/Programio/blizzard-esp/build/spi_flash/libspi_flash.a(spi_flash_rom_patch.o)
                                         0xa2 (size before relaxing)
                0x00000000400862a0                esp_rom_spiflash_write
 *fill*         0x000000004008633e        0x2 
 .text.esp_rom_spiflash_write_encrypted
                0x0000000040086340       0x4d /home/penguin/Programio/blizzard-esp/build/spi_flash/libspi_flash.a(spi_flash_rom_patch.o)
                                         0x51 (size before relaxing)
                0x0000000040086340                esp_rom_spiflash_write_encrypted
 *fill*         0x000000004008638d        0x3 
 .text.esp_rom_spiflash_read
                0x0000000040086390      0x2e5 /home/penguin/Programio/blizzard-esp/build/spi_flash/libspi_flash.a(spi_flash_rom_patch.o)
                                        0x2e9 (size before relaxing)
                0x0000000040086390                esp_rom_spiflash_read
 *fill*         0x0000000040086675        0x0 
 *fill*         0x0000000040086675        0x0 
 *fill*         0x0000000040086675        0x0 
 *fill*         0x0000000040086675        0x0 
 *fill*         0x0000000040086675        0x0 
 *fill*         0x0000000040086675        0x0 
 *fill*         0x0000000040086675        0x0 
 *fill*         0x0000000040086675        0x0 
 *fill*         0x0000000040086675        0x0 
 *fill*         0x0000000040086675        0x0 
                0x0000000040086675                _iram_text_end = ABSOLUTE (.)

.dram0.data     0x000000003ffc0000     0x12cc
                0x000000003ffc0000                _data_start = ABSOLUTE (.)
 *(.data)
 .data          0x000000003ffc0000        0x0 /home/penguin/Programio/blizzard-esp/build/cxx/libcxx.a(cxx_guards.o)
 .data          0x000000003ffc0000        0x0 /home/penguin/Programio/blizzard-esp/build/esp32/libesp32.a(panic.o)
 .data          0x000000003ffc0000        0x0 /home/penguin/Programio/blizzard-esp/build/esp32/libesp32.a(cache_err_int.o)